type heuristic
height 200
width 200
unnecessary line of text
..@......@...@.......................@..............@.................@@@.@@...........@..@............................@.........@.@......@.....@....@...@..............@@.......@...@..............@...
.......................@.............@.........@..............@.@........@.@..........@......@.......@...........@.@...........@.@.........@......@.......@...@.......@@......................@.........
.....@..................@................................................................@...@@.....@..@..............@.....@....@...........................@.....................@.@.................@
.@..@..................@...@...............................@......@.......@.....@.@@@...........@..............................@..........@..................@..@.....@.................................
......@.@.........@.@..@...............@.......@...........................@................@....................@...@............@..............@...........@................@.........................
..........@....@...........@...........@..@.............@....@..............@........@.@................@.........................................@..............@...@@..@....@...@.....................
........@...@......@...............@...................@......................@....@..............@...@.............@....@....@..@....@.............@.......@..@@.....@..@....@.........................
.....@@..............@......................@.............@.......@@@......@............@........@.@............@.@....@...................@...@...@......@......@....@.................@@..............
.......@..................@.......@@..........@....@..............................@.........@.....@..............................@..@....@.....@...............................@...................@@.@.
..@.......@..@.@..@...........@.....@..@..@@..........@.....@..@@..@......@...............@.....@.........@.....@.....@..............@...............@..............@.@.................................
........................................@...@...............@..@.......@......................@......@..........@............@......@.....@.....@..@.........................@.....@....................
@..........@.....@.........@.............@..@@.......@.............@................@........@..@@....@................@..........................@@.........@@......@........@.............@........@.@
.......................@.........................@..@...................@....@................@@.........@..@...@.......@.................@.............@..@@........@........................@......@..
..................@..@........................@..............@......@..@........@@...@.....@..@.......@.......@.................@....@............@......................@.......@..............@....@..
....@...........................@........@.........@..........@.......@..@......@...................@............@....@................................@.....@............@.....@......@...@......@.....
........@.@..@........@.@@.......@..........................@.......@...............................@....@.....@...........@.......@.@@.....@.............@...@..................@...........@@@....@..@
...@@.@........@........................@..@.....................@....@@.....@......@...@...@........@..@@............@....@@@..........@..@.......@@.....................@........@...@.....@.@........
...........@.@..@....@......................@........@..@..............................................@.@......................@.................@......@....@@.@......@.@.......@..........@@@...@....
.....@............@..@@@.......@...........@..................................@..@......@.....@...@.........@.....@.@@.....................................................@............@.........@....@
.......@..@..................@..................@.................@............@..................@..@.......@........................@.......@.@.....................@...................@...........@.
......@...@.@.@.....@.@......@...............@...@.@.@.@@.....................@...............................@.......@...........@..@.@...........@......@...........@......@.....@...@@..@....@.......
.............@........@......@................................@........@......@......@..........@...........@...........@........@..@.......@....@..@..@...........................@.@................@.
...@.@...................@.........@...........................@.............@....@.......@.@.............@@.......@..@.....@.......................@.@..........................@........@.............
............@.@....@..@@..@@.@.@...@@.......@....@.......@.......@.............................@.@.....................................@..................@@............@.......@...............@.......
..............................@.....@..@...@.@..................................@@..............@.........@............................@...@@@...............................@..........@....@.....@....
...@..@.................@..............@.........@........@@...@.....@.................@..........@................@...@...............@@....................@@......@....@.....................@.......
......@...........@.........@..........@..@.........@.@..@@..........................@..........@............@.......................@........@.@..............@.@...@..@@........@.....@@....@.@......@
@................................................@.......@..@.......................@.@.....@.......@@@........@@...@@.....@...@..............@......@..@@...............@@...@......@...@........@.....
.....@....@@.....@.......................................@.....@..........@....@.@...............@.................@@.........@@....................................................@.............@@....
....@.......................@....@@..@...@.....@.......@....@..@....................................@..@...@....@.@.......@....@..@.....@.....@@@......@.......@............@...................@.......
...@....@..@...........@........@...@.......@..@...............................................................@.....@.........@........@............@..@....@.......@.....@.....@.........@......@.....
....@.......@.@.........@.@.........@@..........@................@...........................@.@....@......@........@...@@.....@.....@.@........@@........@................................@.........@..
......@..............@@.................@....@............@......@......@.....@........@...@.....@............@........@.........@...@...........@..@...@...@.......@..................@............@...
....@@@@............................................@.....@..@....@......@..@...........................@@........................@............@..@.......@...............@@.........@......@@...@......
..@.....@....@........@..@..@...@..................@........@.@....................@...........@....................@..@..................@.........................@........@..........................
......@.......................@.............@.............@@.............@.....................@..@..........@.@....@.@............................@...........@........................................
.....@.......@@.@.....@...........@......@...@.....@...@.@..@...@@........@.................@..@..............@..........@......@.........@@.....@....@...........................@.....................
.........@.........@.@.@..@...........@@.@............@.........@.....@.....@...........@................@@...............@.@..@.@.@......@....@.......@..................@.........@..@................
.@.............@..............@......@@...@...@.@........................@........................@......@..........................@.......@..............@....@..@..@.....@...........................
....@...@@@...................................@.............@.@...@@...@....@...@.......@.....@.@......@..@..@.....@.............@..@..@....@.................@....@.....................@.............@
@...............@@...............@..............@..........@.....@.........@....@.............................@....@....@......@@.......@...@...............@...............@.....@..............@......
@.........@..................@...@....@@..............................@......@......................@.................@@.......@....@.............@.@.@.......@...........@.......@.@..................@
................@................@@..@....@@.....@........@@.............@.........@@.......@................................................................@...@......@............@..................
....@.....@.........@...@...@...........@@...........@..@@........@...........@...........................................................@......@.@@.........................@..@...............@......
..@.......................@.@.............@.......................@.....@................@........@.........@........@.............@...@..........@.@....@.........@.......@....................@.......
....................................@...@.....@.............@..@.@@......................................@@....@...@..........@.@..@..@............@.................@...................@.........@....
.@.......@........@..@.....@...@................@..................................@...@.................................@.............@....@................@....@.................................@...
...@.............................@.@.....................@.........@......................@......@@.........@..................@.................................@......@...........@...............@...
.@....@....@.@..@...................................@...................@....@...@..@.............................@......@..........@...................@...@.......@...@....@...@@................@....
......@.........................@..........@......@.....@........@..........@.@.@@.@....@.......@..........@.........@....@.....@.......@...@................@.......@.@....@@...........@@.....@......@
......................................@@..........................@..@......@.....@...@........................@...@@............@@@.............@.@....@..............................@....@.......@...
..@........................@......@.......@............@.@......@........@..@.......@.........@................@........@..........................@@....@...@..........@..@.....@.@.........@..........
@@.@...........................@..........@.....@.@.....@.............@.............@...@..........@....@...@.....@@..........................@.....@.........@..................@....................@.
....................@....................@...@.............@..........@........@@...@........................@.....@.........@...............@...........@..@.......................@...............@...
...@........@@.@@..............@..........@...@..........@....@.........@...........@.@................@....@..........@........................@............@........@@.@.....@................@.......
....@............................................@....@...........@........@..@...........@.......@....@........................@.........@.@..@......@.....@....@...............@.............@........
....@..........@@...@..........@.....................@..........@....@......@............@....@............@..@..@.....................@..................@...........@.................................
....@.....@...@........................@@@.........@............@@..@.......@................................@.........@................................@..@.....@...........@@.@..@........@...@.......
..........@.@.....................................@.........@............................................@@...........@.......@.........@...@................@..@...............@..........@............
.@...@....................@............@...@..@....@....@....@.............@..........@.........@.@......@@..........@...@..@.............@...@..@.....@.@@....@..@.....@@.....@.................@......
..@.................@....@.@...@................@....................@.....@.....@...........................@..@........@...............@...........................@..............@.......@...........
......................@....@....@.......@...................@..@...............................@.............@..@............@.........@..@.@...............@............................@@.............
........@...............@.................@................@......@...............@..........................@.....@............@.................@.........@....@...@...........@....@.......@...@.....
@..................@@@..................@......@........@....................@....................@................@......@.......@..@..................@.....@.......................@....@............
...@.@..................@....@.@.............................@@..@@....@.............@.@..@................@.............@.@.@..............@...............................@...........................
.......@.@.@........@..@...........@........@@..........@..@.......@.........@@......@.........@...@...@.@.@.....@...........@........@@......................@.@..@......@....@.....................@..
@.................@......@.....................@.@.................@..@.@.....@......@.................@......................@.....@..@.........@.............@.......@.....@.@@.....@.................
.@............@...............@.....@@.........@..@...............@.@....@.@........@..........................@..@.........@..........@.........@..........................@...........@...............
..........@.......@.@...@@.......@.....@.........@@..@.@......@...........................................@............@..........@...@.........................@..................@....................
...@........@...@...............@...@..........@.............@.........@@................@..@..@........@.@..@............................@.@..@@..................................@....................
..............@........@....@.....@...@@..@.........@.@.........@...@......@@.@@......@....@.@...@..@........@..................@........................@...@...@.....@...........@....................
..@...@..@.@............@.....@......@..@....@................@.....@.....@....@..@.........@........@.........@..............@......@@.@............@.............@.....@................@@@....@......
@..........@....@.........@.....@.........@....................@....@@..................@.................................@.............@.@.@....................@@....@.............@...........@......
......@..............@.........@.@.@...@@........@..............................@...........@@.....@......@..............................@...@......@....@..............@.@..............@..@...........
.@@@..................@........@....@......@..............................@....@............@.......@..@............@...@.....@.@@.@...@@@.............@@.............................@.............@.@.
.....................@...........@................@.........................@...........................................@.@...................................@......@..@...............@.@.......@.....
....@.............@@..@...@.............@............@.@..@.............@.........@...........@.......@.............@@@.......@.........@.....@..@....@...@.@....................................@......
...@...@......@@..@@...................@................@..@......@..........@......@..........@......@@...........@......@.@.........................@.........@...@..@..@...........@.................
.@.......@........@..@......@..@......@..................@........@....@........................................@.........@.............@..........@.....@.......@.......@..............@..@..@.........
...@.......@@....@.....@..................@.....@..........@...............@.................................@@.........@.......@...........@..@..@...................................................@.
...........@.....@................@.........@@............@...@..@.........@......@.@@..@...@@.@.....@..........@@........@.....@@....@..@........@........@...@...@....................@.@.....@.......
.........@.....@....@.......@...@.@.....@..........@..........@@.............@..@.......@.....................@.@..................@.......@.@.........@@.@@.......@...........@...........@.....@......
.@.....@...........@.@..@@@@...........@.@....@.@@@.@@.....@.........@.......................@...............@.@......@...............................@..@....................................@......@..
@..@.@...................@............@................@..@...@......................@.@..................@..........................@....@.....@......@..@...@....@...@...................@............
.....@............@@...............@.......@..........@.........@......@..............@............................@......@...................@..........@..@..@@...............@.............@.....@...
.............@@@...@.......@........@........@...................@.......@.....@....@..........................................@.....................................@....@...........@....@............
.........@......@....@@.....@.............@.........................@...@.......@.......@...@.................@...@.....@.........@@......@........................@..........@..@...@............@.....
.@.....@..............@......@...@....@@@..........@.................@....@..........@.................@.......................@........@.............@..@......@@...........................@..........
........................................@..........@..................@.@.......@.............@.......@.....@.................@..@.....@.@.........@...@.......@.@..@.......................@........@..
.........................@.@.....@................@..@......@.............@@@.............@....@........................@.......@...@............@...................@....................@@...@........
......@.......@.....@..@.@.......................@.@...........@.........@.....................@.@..@.@...@...................................@..@...............@...........@............@.............
........@........@..@.@...@.......@.......@@.@...@.@@.@................@...........................@......@.................@.........................@.........@..................@.....@..............
.......................@.@...................@@................................................@@@..........@..@.......@.........@...@.........@.......@.......@....@..@............@.@.@...........@@..
.....@@....@..@............@..@.@.@.............@.....................@@..........................@............................@........................@...............@...................@...........
....@.....................@.....@..@........................@..@...@..@.....@.......................@@@.....@..................@.......@...............@.......@...........@.........@..@...@...........
..........@..@...@.@......@.@..@....................@.................@..@.........@..@.......@.....@.......................@..........@@..................@...@..........@@............@..@............
.@..@.............@..................................@..@...@.............@.......@.....@.....@...........@......@.......@.................@@...............@...................@..........@............
.............................................@....@....@............@...................@.@..@......@@...................@....@@....@...@.@........@.....@...@........@.......@.@.@.......@........@@...
..@.................................@.............@...........@...................@....@....@........@........@.........................@.......@..........@.@......@.............@@.....@.........@....
....................@..@..............@...@.@@...@......................@..............@@.....@...............@.............@.....@.............@................@.............@........................
...@@......@....@........................@..........@.......@.@........@.......@@.@..@.@@@..........@...@.......@.........@....@....@@.@................................................@...............
................................................@...@.........@.......@..........@.............@.................@@..@.....@..................@@.@.......@....@..................@..............@..@@...
.........................................@............@......@...@............@.@...@................@.....@.@......@.................@....@@.......@..........@@...@................@..................
......@.......................................@...@....................@..............@................@.@......@..@................@....@.........................................@.......@............
..@.............@.............................@........@...........@...@............@.....@..@..........@...@.........@@....@....@@....@....................@.......@....@......................@.@.....
.@..................................@........@..@@...................@....@.........................................@......@.......@@.......................@....@...@..@........................@......
.........@....@......@.......................@.......@.@.@...............@..@...........@......@...................@..............................@..........@.........@......@@......................@.
.............@...........@............@...@...........@...............@.............................@..@......@..@...@.......@.....................................................@.........@@@@..@....
.@........@.....................@..@@.@.....@@.@.............@..@.....................@@........@.@@....................................................@......@...............@..........@.............
....@.@................@.......@...@..........@...........@....@........@......@.@............@...............@........@...@......@..@..........................@..........@...@......@......@..........
...........@..@...@..@..@........@...............@@@..............................@....................@..........@..@......@...........................@....................@...............@......@...
..................@@......@......@..@..............................@.....@@@....@@@@.@..@........@.....@.@..............@..................@................@@..........@..@.....@..........@...........
..................@....@...@.........................@.........@@@......@..........@...@....@......................@..........................@..........................@.....@..@.@...........@.......
....@@....@@..........................@..@.........@............................@............@@.........................................................................@.......@@.....@....@@..........
...........@...@....@.............@...@@@..@...@.....@.@@........@...................@............@@.........@.......@..........@.........@........@........@.....................@...@..@....@.........
..............@........................@.....@........@.@......@.@.............@....@....@..@..@................................@......@...@.@..@.....@@.....@...............@..................@.......
............@.....@@..@........@..@.....@....@...@@.....@.@.....@.....@@.......@.@...@........@@........................@..............@..........@..........@..............@..@...........@............
.........................@...........................@.............@..................@......@...........@........@...........@....@.@...@.@.................@@@.............@..@.@..............@.@....
..@................@..........@.....@.....................................@...@.........@..................@.....................@@.........................@...........................................
@..@.......@..................@..@..........@...................@.....@..@.........@..........@@...........@........@@......................@.........................@..............@..............@...
.........@................@.........@@....@.................@..............@@@..@.............@@@..............@......@..@.@.@.................@............@......@..........................@.@.......
....@...........@..........@@........@...@......@.....@...@.......@.......@......@.........@....@@.............@.................@.........@...........................@....@........@..................
...@....................@@...........@...@.@.@..@...@.@..@.....................................@..................@..............................@.@...........@..@......@..........@..........@....@...
@........@@....@..............................@........@.......@........................@............................@.@...................@......@.......@........@.......@.......@.........@@.........
.........................@...................@.@................@.........................@.....@..@..@...............................................@......................@@.................@....@@.
.....@....@.@@......@.....@..@........................................@.@@....................@@............@..@............................@.......................@..........@........................
....@.@.@.........................@..............@@..@@...................@.......@..................@........................@.......@............@@...........@.................@.@....@.......@......
......@..........................................@.....@....@..@..............@.......@.@.......@....@...@......@...............@............................................................@..@...@...
..............@..................@..@@...@.............@.@........@...........@@.............................@@.......@@..........@.......@.....@.....@........@........@.@..@...@........@.............
..........................@...............................@.............@........................@.......@.............@........@.......@.....@@.@........@...@@......................@....@@...........
@.@..@....@.@.@.@@..@...@...@..@...........@..@...............@........@.@..........@................@...........@....@...........@.@........@...............@.............@..@......@@.@..@............
..................@............@..@.....@.@..........@........@@..@...........................@...@..@...............@..........@...@..............@.@.............@..@..........@......................
..@@.................@.......@...@.....@.@..@....@..@@............@...........@..@....@..@...............@.......................@.................................@......@.........@@..................
....@@...@.................@..........@@..@...@..............@............@..@...@.....@..............@...................@.....@.............@..........................@..............................
......@...................@..@....@..........@......@@.......................................@..@.....@................@........@@@....@.......................@@......@...................@...@........
........@.@..@..............@...@..............@..........@..............@.@.....@...........@@...@@....@...@.@..........@.@@...........@..@.......@@......................@......................@...@.
.....................................@......@....@........................@......@.@@@................................@..........@.....@..................................@@..............@..........@..
.@.....@...@...........@............@.........@......@....@...@.........@..............................@...@..@.........@.............................@..................@.......................@..@...
.........@..@....@......@..@.@.......@...@@...........@...@...............@.@......@@.@@...@.........................@......@...............................@@..@......................@......@.......@.
.....................@...........@@..............@..........@..........@..@...@.....@.@.....@............@......@.......@.......@@....@......@@...@.........@......................@.........@.@.....@..
...@............@................@.........@..@@.@..@...............@...@.....................@...@........@.@......@..................@.....................@........@......@.....................@....
@...........@....@.........................................@.....@.......@@.............@.........@..@............@..............................@...............@.............@...@.........@......@...
.........@.@.@......@@.....@@...............................@@.......@......................@........@.......@......@............@..............@....................@.......@.....@....@.@...@.......@.
......@.@..........................@.@............@@..........@.........@...@................@@...@.............@..............@..@.......................@@.........@..........@.@.......@.@.......@...
....@..............@@..@...@............@......@...........@.....@....@@.....@..............@.................@...@.@...@..@...........................@......@......@..@.................@.............
..............@...@..........@......................@@.........@..............@..@@......................@..@@..............@...................@...........@...................@......@................
..............................@...@............................@@...@...@...@.......@...@.....................................@......@....@...........@...@............@.........@@.@...................
...@..............@@....................@...@...................................................@.......@....@................@......@.......................@...@.............@....@@..................
...@......@..@.........@.......@....@............@.@..@.@@......................@.........@...........@...@@........@.......@.............@......@..@.........................................@.........
@.@....................@....@..@...............@@..@.........@@...............................@.....@...@...@..................@..................@..............@..@.................@.......@...@.....
.......@..........@..........@....................@...........@.......................................................@...@....@.................................@.@...............................@....
@..@...@..........@.............................@..........@................................@..@..@.@....................@......@..................@@....@...............@................@@.@..........
.......@.@................@......................@..........@@........@.................@..@..............................@................@..........@........@......@@........................@.....@.
......@...@.........@...@......@..@.......@@.........@........................@.@...............@.......@.....@......@.@.@..........@.....@.............................@........................@....@.
.........@.@.@.............@.................@.......@...@.....@......@..........@....@.....@@......@...............................@.....@.................................@.....@...@.................
@.....@...........@..........@...@..@.@............@...@.........@.....................@...........@...@........@......@............@......@.............@...........@....@..................@.......@..
....@........@....@......@.....@.@.@@@...............................@.........@..@..@...@........................@.@.................@.....@......................@@.......@.....@..@.@..@...@.........
.................@.@.@..@..........................@..........@........@..........@...........................@..........@.@...............................@...............@................@...........
@...@...........@@.....@.................@..@.....@............................................@.......................@.............................@........................@.......@.............@.@.
........@...@.@................@...........................@............@............................@....@........@........@........@...@.............................@..@.@.@.......................@.
......@.@.......@...@...........@@@...................@...................@.........@.@.............@..........@.......................................@@...............................@..........@.@..
.....@...................@...@.@..@.....................@.......@.....@...@.....@.@.........@@...............@@.@................................................@.........@...@...........@.@........@.
...............@...@..@........@.@..................@@...@@......@...........@.@..............@......@................@.....@@..............@...........................................................
@...........@........@.........@...@@@.@.............@.......@..@..@...@........@....................@....................................@..............@....@@@......................................@
@..............................@.@...................@......................@.....................@.....@..............@..@.@...@.......................@....@........@..........@......................
...........@.@.........@........@..........@..@...........@...................................@.............................@..@.....@......................@@..............@...@.@........@............
.......................@....@...@.@@........@.................@...........................@..............@..................................@.......................@.....@.........@........@@@....@...
............@....@................@....@..@............@.......................@@....@........@@..@......@.....@.@.@..........@..............@@......@................................@.@............@..
........@...@..@.....................@.......@....@............@........................@@..................@............@.............@................................................@...............
..................@.....@..................@@..............................@..............@.........@........................@.............@......@.@......................@....@.......@@..............
........................@...@..................@...........@...@...............@.......@................@@.@.............@..@......................@.....@...................@.@..@@......@...........@.
..........@.@...@....................@....................@..........@...........@...@@.......@.......@....@..........................@...@.@.@........@@..@..........@....@.@...........@..............
......@..........................@..............@...........................@.......................@......@...................@..........@..@....@..........................@.....@@................@..
.@.@...@.@.....@...@.@.@..................@............@.......@............@...........@....@.....@..................@..@@...................@.@........@..................@...@.......................
..............@...........@...@.@....@........@..@.........@.............@...........@........@..........@........@..............@.......@..........................@@.....@......@..@...........@@@....
.........@@......@...@.@....@.....@........@.............................@.@...............................................@..@.....................@@.@................@@..............@.........@.....
......@.......@@.......@.....................@.....@..@.................@.....@..@@.......@....@......@...@.......@............@@....................................@.....@...@....@.................@.
...@....@..@........@.........@.@....@........@....@...................@.....@.....................@...........@.............@................@.@@..............@@...................@..................
...............@.............@......@......@..@.@........@....................@@.................@..................@...@@........@..@........@@.....@...@.........@.................@...............@..
.....@.............@...........@........@.....@...@...................@...........@.@..@...@..@...........@..........@...........@............@............@@........@....@.....@....@..................
...................@........@.....@....@.@........@.........@......@...@.........@..........@..........@.........@......................@.....@..........@..............@........@..................@...
..............@..@.@..@......................@.........@@....................@.@..........@............@.......................@....................@......@@............................@......@.......
.@..............@..............@.......@..@.....@....................................................@.......@.........................@......@...........@..............@.@.........@@...@....@......@.
..@................................@@.......@.....@....@.................@......................@............@.....@...@..@.........@..............@............@.@.......@@...@.....@..@...............
................@.............@...@....................@........@@......@.........................@............@......@.......@........@.@.@.....@...@.@...........@....................................
.....@...@..............@..................@.......................@.........@..........@..............@..............@.....................@...............@........@.......@.........@......@.........
............@.................................@............@....................@...............@......................@.@..@.....@...................@..........@...@@.......@@..@............@........
............@.................@...................@.........................................@..............@@.@.........@.....@............................@@.............@...@...............@.....@.@.
..............@@.......@.........@.............@....................................................@...........@..@...................................................@...@........@...@.......@...@@..
.....@..@.....................................................@.@....................@.........@............@.......................@..@.@.....@...............@.@..@...@..@.......@............@.......
.@...@.@.@...@.....................@..@..........................@..............@..@........@.........@.......@@................@@....@...........@.........@..............@.........@..................
.....@....@..................@.......................@....@........@.....@.............@................@.....@........@........................................@...........@.................@.........
....@........@.................@.......@..........................@..@@.@........@..@.......@..@........@...............@......@.......@....@....@....@........@.........@....................@@........
..@.@............@.....@..@@...@......................................................@...@...........@....@......@@.............@........@....@...............@...@...............@.....@.....@........
...@@.............@.....@..............................@.........@...........@.................@.....................@.............@...................................@..............@.@..@............
.............@..........@......................................................@..................@........@..@..@.........@@................@......@........................@.....@@@.@................
..@.........@....................@....................................@.........@..............................@......................................@........@..................@.@...................
.......@...........................@.@.@..@................@.............@..@.........@.....@.........@...@@........@....@...@@.........@...@..@.@.@.........@.................................@...@.@.@
.@.............@..@...@..@.............@...@......................................@.....@......@.............@...@...@............@@............@...........@..@.....................@...........@......
.@...@.....@...@................@.....@......................@................@@..@.................@..@...@..@..................@....@...........@...........@...................@......@....@....@.@..
