type heuristic
height 256
width 256
unnecessary line of text
......@.@...@.@@.....@..@.........@@@...@.@@..@........@@.....@.@..@...@..@..@@......@.....@@....@@.@.....@..@..@@......@@....@.@.@@@..@.@.@......@.........@.....@..@...@...@.@..@.....@@@.@.....@@.@.@.........@.@@@@.@.@@...@@......@@@..........@....@@.@.@@
...@@..@@@..@.@.@..@@..............@....@..@....@@...@@.@.@...@...@.@.....@......@..@.@@..@@..........@@...@....@@.@@..@...@.@........@@.@.@...@.......@........@@..@..@.....@@@@@.@@..@@....@.@.@.@@.....@......@@...@@.....@..@..@.@..@..@@.....@..@@.@..@....
........@@...@....@.@......@...@..@.....@.....@.@.......@.@.@........@@..@.@........@....@@......@.@@.......@....@.@......@...@.@..@@....@.@.....@..@...@...@...@@..@......@.@@@.............@@...@.@@....@.@@.@.@.@.@@.....@..@...@..@.@..@...@.@..@@.@....@@..
.@.@......@@@..@@.@..................@.@.@..@...@@.@.@...@@...........@..@@................@.@..@@.@........@.@......@..........@@.....@....@@.@@....@@........@@@@.@....@...........@@....@.@.@.@@.@@.......@.@.....@.@@@@@.@@....@.@@@@.....@@......@..@.....@
..@@.@.@@@@....@.@@.@......@@.@..@......@@........@..@...@@@....@..........@@...@..............@@@@....@...........@@.@@.@@.@..@....@...@....@@......@@@......@@@@.@...@.@@..@@..@............@...@...@@@...@...@.@..@.@.@.@@.@@..@.@....@...@@.@...@...@..@@..@
.@@@...@..@@.@@.@.@......@..@@..........@......@.@........@...@@.@...........@@.@.@...@..@@@......@.........@.@.@.@..@..@..@..............@.@..@.@...@@@.......@.@.@..@..@.@..@....@.......@....@....@@...........@..@...@.@.@..@.@.@.@...........@.......@.@.@.
........@.@.@@.@@@..@...@...@...........@.@..@@......@@..@..@....@....@...@@................@.....@...@@@.@....@....@.......@..@...@@...@.....@@@...@@..@...@..@@...@@..@..@...@.............@....@.....@.@.@...@@@..@.@.@....@.....@............@.@........@@..
.@....@@@...@@.....@.....@........@...@.@...........@..@@@..@...@....@@@..@.....@.......@.@.@@@..@....@@.@..@.@@.........@.@..@..@..@.@.....@......@@@.@.@...@.@@......@....@..@...@.@@@....@..@......@..@...@...@@@.....@.@...@.....@.@@.@..@@...@.@@@.........
..@.@@..@@.@.@.....@@@......@@.......@@@.......@@....@@....@..............@...@...@....@@................@......@.@@..@...@.........@..@..@..............@@.@@.....@.....@@.@@...@.@.....@.@......@..@.....@...@..@..@...@@.@......@@@.@@.@.@..@.......@@......@
.....@.....@@@.@.......@.......@.@@.............@......@@.@........@@.....@....@....@.......@.....@@.@..@@@.@@...........@.@..@@.@@@@@........@@.@..@....@....@........@@@@......@@@.@..@.@.....@......@...........@..@...@@...@.@....@.@@.@..@@..@@...@.@@@....
......@@....@....@@@.@..@.....@......@.@..@@.......@..@....@.@....@...@@@@@..@.@............@@@..@...@.@.....@@@.....@.@@....@....@..@..@.@.@...@.@..@.@@.@.@.......@@...@..@@@.@@.....@.@.@@@...@........@..............@@.......@@.@.....@@.@...@@@..@.......@
...@.@.@...@@.@@.@.....@.@@@...@....@.@.@@.....@.....@..@.@....@@.@@@...@.@...@....@..@...@..@....@@@...@.@..@..@@.@....@.......@.@..........@@..@@.@...........@..@@...@......@.@@.@@.@.@@..@.@@...........@...@@..@@@@@..@.@..@..@....@@......@.@@......@.....
.@..@.@..@.....@@@.@@@...@.@@.@.@.@..@@...@......@@@...............@.@........@.....@...@...@.@......@.@.@.@@...@...@.@..........@.@@@@...@..@.......@..@.....@@.@.....@.@.@...@@@.......@..@.@......@..@..@.@.@@......@....@@@....@...@@@@@...@..@...@@...@....
@.......@........@.@@..........@..@.....@..@........@.@@....@.@@..@@...@..@@....@..@@@.@.@@.............@@.........@@......@@.@@@@....@.....@@.@@.@..@..@@...@......@@..@....@.@@......@...@@@.@........@@@..........@....@....@.@......@..@..............@....@
......@....@.@@..@.@....@.@.@.@...@......@@@..........@@.....@..@@....@..@......@..@@.@.@..@@..@@@@.........@.@@.....@........@...@.@..@@...@.@.@.@...@.....@...@.@.@.@@..@..@..@@.@..@...@....@@@.@...@@.@..@..@@.@...@@.@...@@............@..@.@@.@.@@...@....
.....@...@...@....@@...@...@.@..@..@.......@.@.@...@@@....@@.@@..........@.@.@@@@...@..@...@.@...@@@@..@..@...@....@..@.....@@...@....@@@....@....@...@@.@.........@.......@.@...@...@..@...@.@@@..@.......@@...........@@.@@@@@..........@@.......@@@@.@@..@...
......@.........@....@..@.@@..@.@..............@@.@.@@..@@@..@@.......@@..@@.@....@.@@.@..@@@@....@@@.@......@.@.........@@....@...@..@@.@.@.@..@.........@..@..@.@@@.@.@@@..@.....@@.@...@.....@....@.@...@.........@....@...@...@.@.@...@.@...@...@.....@.....
@@@....@..@@....@......@.@@@...@.@....@@@...@.@..@...@.......@@@.@......@@.@@...@....@..@.@............@.@....@@..@.@.......@.@........@.@.@@@@...@.@.......@.@.....@..@@@......@@...@.@.@..@....@...@..@.....@......@.@@@...@.............@.......@.@...@..@@..
..@.......@..@@.@....@......@.....@.@.........@.@....@..@..@@......@@.@.@@@...@........@.@.@...@.................@.@...@.@.....@.@......@....@..@..@....@@.@..@.......@.@..@...@@.......@@...@.@@@....@.@..@@@.@.@..@......@@.@.@.@.@.....@...@@..@...@......@@.
@..@....@....@.@@..@.@@@.@.@...@..@@.@..@@.@........@...@@.@......@..@@.......@.@@....@@....@..@@@..........@@........@@...@@@.@@....@.@..@..@.@.@@......@.@@@@.@..@.@.@@..@....@.@@.....@@....@..@..@..@@..@@..........@..................@....@.......@@..@...
...@@@.....@@........@.@@@..@..@@..@@@...@..@@...@.@........@.@@.@@..@@@....@...@..@....@@..@..@...@....@@.....@@@.@@...@@....@.@@.@.@...@@@..@@.......@@..@................@...@@......@@...@.@............@....@..@....@.....@@..@..@....@.@@...@...@@.@..@@@.
@@...@.@.....@...@.@@...@.......@.....@.@....@........@.@.@@@.@.....@.......@.@.@..@@...@..@.......@.@.....@...@.@@.@@..@...@.@...@..@@..@@.@.@.@@.@......@.....@.@...@..@@....@..@.......@..@@....@@.........@.@@....@...@.@@...@..@...@....@.@........@..@....
..@.@...@....@..............@.@.@......@.@...@@.@....@..........@@..@.@@..@.@....@...@...@....@.@.@.@@..@..@@..@.....@....@.@...@@...@....@.......@....@.....@@..@......@..@..@......@.@.@.@.@.@..@..@.@.@.@.......@@...@.@....@@.....@..@@..@..@...@@.....@....
@@@@@@.@@@..@.@...@..@....@@...@@.....@@@....@..@@@...@.....@.@..@......@....@.@.........@.....@.....@@.@.@..@@....@@.......@.@...........@...@...@..@..@.@@@..@..........@..@...@......@.....@.@@@..@...@....@@@@..@.@.@.@...@@.@..........@@..@@..@@.@.@@@.@@.
...@.@...........@.@@...@.....@.....@.....@@.@@....@...@.....@@..............@.....@..@@..@.@..@@@..@@@...@@.@..@@...@@.@..@...@.@...@@...........@..@@..@.@........@.......@.....@.@@...@...@.....@...@@@..@@.......@....@.@..@...@@....@.@@.....@..@..@@@@.@..
.@.....@@...@..@...@@...@.....@@...@.@..@..@@@..@.....@.@@....@@.@....@.@.@..@@..@@@...@.@.....@..@@.@....@....@.@.@.@.@..@..@@.......@...@.@@.@..@....@@@...@.......@@..@@@@@.@.@.@@.@...@@..@.@....@@@@.@........@..@.@..@...@.@..@..@.....@...@.@.........@@@
.@.....@....@....@@.@...@....@...@@.....@@...@.......@.....@@...@.......@@..........@..@@.@.@..@.@.....@..@......@@.......@....@.@.....@@@....@..@.@.@@.@.@.....@..@.@@..@.@.@...@....@.@.@.....@....@...@........@.@....@@.@@@.@.@.@..@@.@........@.@...@......
....@..@.@@.@..@..@..@......@@..@@@..@...@.@..@@.......@@.@...@@..@....@.@@..@@.....@..@@@..@.@.....@...@...@..@...@.@.@..@.@........................@..@..........@@..@....@.@.@@........@..@....@..@@@...@.@@...@.@.@....@..@..@@.@.@@@......@@@.@..@@@..@@...
@.@.@.......@@@.....@.........@...@..@..@@@@.@..@..@.@.....@..@@..@..@..@.......@@@@....@@@..@.....@@@.@@.@......@.@@@@.@.@..@.@.@@...@@....@.@...@.@..@...@..@@..@@...@@@@@..@.@@.@@@.@..@@......@@....@...@...@....@..@@@....@.....@.@...@.@...@@@.........@..
..@...@@..@......@@@..@.@@.@..@......@.@...@..@.@@@.@@@...@..@.@@@.@....@.@..@.....@..@.@@@...@......@..@....@@...@..@.@@.@.@.@.@........@..@..@...@@..........@...@..@.@@...@...@.....@......@.@..@...@.........@@.@@..........@..@...@@.......@...@@.....@.@.@
.@.........@@......@@@@.@.@@.@@........@...@.@@..@......@.........@@....@.@.....@.@...@@.@@@...@.@.....@....@..........@@.@.@.......@....@..@..@.@@..@@.@@@......@.@@@.@.@..@.@...@.@.@@.@...@.@@....@.............@.@...@....@....@@..@.....@.@..@@...@@....@..
..@@............@@@.@.........@..@@...@@@..@@...@@@@....@@@.....@.....@@.....@..@..@.@@....@....@@.@...@@@..@...@.@.....@...@.@....@@......@...@..........@..@...@.@.......@@@...@@.@..@.@.@.@......@.@...@.......@@@@....@...@.......@@@.@...@@.@..@..@..@.@@..
...@....@.@.......@@.@..@@..........@@.@@.......@.@.@..@@..@.@....@.@.....@@..@...@@.....@.........@.@..........@.@.......@@@..@@.@...@@...@...........@..@.@@..@..@@.@@@@.....@.@@..@...@.@....@.....@.@@..@.@.@..@.@.@..@.@......@.......@..........@@@@@@@@.@
.@........@..@@.........@........@...@...@@....@...@@@..@@@.......@...@@........@.@....@.@.@@@..@.....@.@@.@.@@.@....@....@@..@@...@.@@...@@......@...@@..@..@@.@.@@@@@....@....@....@@@@..@.............@.....@@@....@....@@..@...@@@....@..@@.@..@.@@.......@.
......@....@.........@@....@..@......@.....@@@.@.@@@@.....@@@...@@.....@..@...@.@.@.........@..@@@.@.@.@....@.@.@@@.@.....@.@...@....@....@...@..............@.......@.@..@@.@..@...........@.....@.@.....@..@@@.@@@@@..@@@.@@..@@@@...@....@....@.@...........@
.@..@@@...@@.@..@@@..@@..@..@.....@@..@@@@....@..@.@@...@.@....@..........@.....@.@@...@@.@..@...........@......@...@@.@@@.@..@..@...@@.@..@@....@@.@..@.@@......@...@...@@......@.@@.@......@..@.@........@....@@@.@.@@@....@@..@..@.....@@@.@.......@......@..
....@@@@..@@......@....@.@@......@....@..@...@..@@..@@.........@@@.@.@........@@.@......@..@..@@...@@..@.....@@..@.............@@...@.@@.@@.....@...@.....@@....@..@@@@.....@....@...........@..@@....@...@.@.@.@.........@.......@.....@@.@@@@............@@.@@
.@..@......@@.@@@.@..@..@....@..@@.....@.@@.@.......@..@@.@..@@..@.@...@..@..@@...@.@@........@@...@...@....@..@..@.@@......@@@..@...@..@@.@@@..@.@@.@.@.@@....@.@........@@.......@..@......@@..@@..@.....@@..@..@....@@.@......@.@@.@..@.......@@..@.@.@......
..@.@.@..@@..@..@.....@......@...@..@...@@@...@@.@........@.@@@..@.....@.....@@..@.@.....................@..@.@..@@........@.@....@....@..@...@.........@..@.............@..@@@..........@@@.@....@.@@..@@.....@@@.@.@.......@.@@..@.@.@.@@@.@.....@....@.......
@..@@.@@......@@...@@..@@.....@.@@.@@..@.......@@.@......@.....@@@@@...@@..@....@@..@.@@......@@.@@.......@.@.@.@..........@@@@.........@..@..@@@..@.@@.@....@...@.....@.........@........@..@...@@@@@@.@......@.@..@.@......@...@.@.@@.....@.@...@..@...@.@...@
@@..@......@...@@@....@...@...@@@@..@@........@@.......@....@...@........@@...@@@.@.....@..@.@...@@.....@.....@@.@@.@...@......@..@..@....@@............@@.....@.......@@..@.@@@.@..@.......@.@.@......@.....@..@..@..@...@@.@.@.@...@..@@@..........@........@.
.@....@..@........@....@.............@..@.@@..@...@....@@......@.@.....@...@....@..@......@@@......@...@.@@.......@@@..............@..@.......@..@@......@.@..@...@.@.@@@.@@@...........@.@..@..@....@@.....@..@@@.@...@.@@@......@...@......@@....@..@@.@.@....
@@....@@@......@.@@.@..@...@......@.@..@.@@.@....@........@.@.....@...@..@..@....@...@..@.@....@@.@.@@.@.@......@.....@@.................@..@.........@@@...@..@....@.@@.@.@............@@@@..@..@..@...@...@@......@.@@@..@@.@............@..@@.@..@@@.....@.@@
..@..@..@@...@@....@.....@@......@@.@.@.....@.@@..@.....@...@......@@@..@@@........@..@............@..@..@.....@...@......@@....@...@.@..........@@@.@@.@@..@......@@@.@..@...@...@@.@@..........@..@....@@..@@@..@....@.@..@@@..@.....@.@@....@..@.....@..@....
.@...@....@.@...@@.....@.@@@.....@........@..@...@@......@.@.@...@...@......@........@@.....@..@...@@...@...@...@..@@.@@.......@...@............@..........@@.@@@@.....@....@@....@@...@....@@.@....@@@........@...@.@@.....@@....@@@@..@..@..@..@...@.......@..
.@..@...@.......@.........@..@.....@..@..........@@@..@.@.@@@.......@..@...@.@@.....@@@..@.........@.@..@@....@...@.@@.@..@.@..@....@.....@@.....@..@.@.@........@..@.@...@...@.........@...@.@.@..@.....@.@....@..@...@.....@....@@.@@..@@....@..@@....@..@@...
..@....@........@.@...@.@@....@.@@@....@.@@@.@.@.@.@.....@.@..@@.@...@@....@.........@.@..@...@.....@@@....@...@.@..@...@@@...@..@...@@@.@....@....@..@.....@.@.......@@..@....@@@...@.@...@...@@.@@...@.@.....@.........@.@..@.@@........@@@.....@....@....@...
.@@..@@....@......@..@......@..@...@.@......@..@@.@.@@@@.@.@..@..@.....@@...@...@@.....@..@.......@...@......@@..@.....@......@@@.@....@@..@.@.....@....@..@...@@@@........@.....@...@@.@.@@.....@...@...@@@@..@@..@...@.@......@....@..........@.@@.....@......
...@@@.@@.@.@....@...@......@.@@.@.@.......@....@....@@............@...@..@..@.@@....@@@.@....@....@.@@.....@....@.....@.@@.......@.@.....@@.....@@@@.@......@...........@..@...@.@....@.......@.@....@.@...@..@..........@.@.@.@@@..@.........@.....@.......@.@
@..@......@@...@.@.@.@@.....@.@....@.@....@@@.......@..@.....@..@......@@@...@@..@..@@@@......@..@..@...@@@...@..@.@.....@.........@..@@..@..@...@.@.@..@@......@...........@@@..@.@@@@@@..@@.@....@....@@.@@..@..@...@.@.@@.@.....@@..@@....@.@....@.@@..@@@...
........@@@..@...@............@.@..@...@.@@.@@....@...............@......@@....@....@.......@..@..@.@@...@@...@...@.@...@.....@.........@@@......@....@....@...@.@..@..@...@@.@....@.......@.......@.@.@@....@...@..@.........@.@.....@@......@@....@...@.@.@@@.
@@.....@@.........@....@@.@...@......@....@@....@@.........@@.@@....@.....@....@.@@..@.@..@......@@..@.......@......@.@...@@..@@.@..........@..@.@.@@@@@.@@.@.@..@...@@@.@.....@@@.......@@...@.@.@...@.@...@@............@.@@.@.@.@.........@@@...@.@...@.@@.@.
.........@...@..@..@@@@....@@.@.....@..@..@.@@.@.@.@..@..@..@...@..@......@...@..@....@....@@.@.@.@....@....@@.@@.@@@...@...@@@...@.@.......@...@.@@@@@....@@.@..@.....@...@@.....@..@...@................@.@@@....@.@..@...@@...@@@.@..@....@.....@....@...@@..
.@.@....@..@.@..@@...@....................@.@.....@.........@...@@......@.@@.....@.......@..@..@...@.@.@..@@.@..@@@.......@.@..@@..@........@@.@....@...@@@.@......@.@...........@.....@@....@.....@@...@.@@....@@@.@@...@.....@.......@.......@@......@@.@@@..@
........@@...@...@...@@@@.........@....@@@..@......@@@.@.....@.....@@..@@.@@....@.....@@...@.@.@@@@.@.@..@.........@.@......@...@...@....@@..@.......@....@....@....@.@.@..@@..@.@@.@@...@.@@..@.@....@.@.@.....@...@..@........@.@......@.@@..@................
...@.@.@.@@.@.@..@@.@.@.@@...@@.@....@.....@.....@..@@.....@.@..@...@.....@@.@@.@.@@..@@.....@@@...@...@.@.....@......@@..@....@.......@...@@.......@@@@...@@@........@..@.@...@......@...@...@.......@@..@@..@..@....@@..@......@...@....@@..@....@.@@...@....@
...@.@..@......@@...@@......@...@..@......@.......@.....@.............@.....@.....@.@@@.........@@....@..@......@.........@.......@@.@.@..@...@.@@...@...@..@.@....@@..@...@@@........@.@.@.....@@..@..@@......@..@..@.@@........@@.@@.@@@...@...@..@.@....@@.@@
@....@....@......@.......@@.@.@@..@..@..@.......@@...@.........@.@...@@@.@.@@@..@@....@@.@........@@.......@.....@@......@.@@@@..@...@@.@@.@@...@...@..@.@..@.@....@....@.@.@.@..@..@@..@.@....@@.....@...@..@.....@.@..@@@@@.@.@@..@.@......@@...@@@@.@@.....@.
..@......@........@@@@@.@.@@...@......@.@@..@....@.@@..@@.@.....@.......@.@@...@@.@..@@@..@@@....@@..@..@......@.@...@.........@.@@....@..@@..@..@.....@......@.@@@@..@..............@@....@..@....@@@.....@.......@.@@@.@@@@.@.....@@...@.@@..@...@......@....@
..@.@@.@........@.....@..@....@@.@..@.@@.....@.@@.@.@..@.@.@@@...@@.....@.@.@@.@.@.@@.@....@..@.....@....@..@....@......@...@..@..@..@..@.@..@@.@.@.....@.@.@.@....@@@.@@................@...@..@.@.@@...@.......@@..@.@.@...@@.@@@........@.@@......@@....@....
@...@@..@...@...@...@..@..@.....@....@@......@.@..@.......@@.@......@..@.@..........@.....@.@.....@@.@..@.......@@..@@..@@@.......@......@.@.@@@@..@@@@@@......@@...........@.........@.@.@.@....@...@@@@@..@@....@@.@.@.......@...@......@.@@....@@..@...@..@.@
@....@.....@.......@..@..@.@........@...@@.@@@@@@......@..@@@....@....@.@....@.........@.@.@...@..@...@.@.@...@@...@@..@.@.@.@@..@@@.@@@.......@.@.......@.........@@....@@........@....@...........@.....@..@.......@...@.@@..@........@@@..............@....@.
@..@@.@....@.@.@.@....@...@.......@.......@....@.@.@.@.@..@@.@....@..........@......@...@...@...@......@....@...@@......@@....@....@@.....@@@..@..@@..@...@...@@...@.@......@........@.....@.@.....@..@...@...@.@...@...@.....@.@@@@...@...@@@.........@..@...@@
@@.@.@.@.@..@@...@..@.@@.@.@.@....@@.....@...@@@@.@......@@.....@@............@@...@.@...@.....@.@...@.....@.@..@....@@.@.....@@.....@..@...........@..@@.@@.@@.....@@@..............@..........@@...@..@@.@.@.@.............@..@..@@.....@@@.@..@....@......@..
....@......@@@..@....@@.@@..@...@@@.....@@...@..............@.@...@.@...@@@..@..@..@......@.@@....@@...@...@......@...@@@@.@@....@@..@...@.@...@@@....@@.@@.@.@@.@@.@@..@@...@..@.@@.........@.....@...@..@...@...@@..@.....@.......@@.@.@@.@...@@@..@@@.@......
.@...@.....@@.@...@@@.@@...@@..@@....@....@@@@.@..@.@....@...@...@......@.@.@..@..@.....@..@.@.@@....@@.....@.....@..@@..@...@@@......@@..........@.....@@@.@.....@@@.@....@..@.@..@...........@..@.@........@.......@@.@.@....@..@.....@.@.@.@...@@.@..@..@...@
.@..@.@..@.@.@..@@.@.@..@@.@..@....@@.....@.......@....@.@..@@.@.....@@@..........@@@.....@.@...@..@@...@@....@..@....@.@.@@....@..@@..@...@.@.@.@....@@.@.@....@...@................@........@@......@.@....@.@.@@.@@.@@...@@.@..@....@@@....@..@@@...@@.@..@.@
@@.@...@....@...@@@....@..@...@.@@..@@@@.....@@@@.@...@@..@.@@...@@@..@@@.....@@@..@@.@...@.....@...@....@@..........@@@.@.@..@@..@.@.....@....@..@............@......@....@....@.@@.@.......@.............@@.....@@@.@@...@@.@@.....@...@@....@@....@@..@.@.@..
..@@.@.@@@.........@.@@....@.@......@.......@...@...@..@..@...@.......@....@.......@....@.@.....@@..@....@...@@@...@....@.@..@@..@....@...........@@@....@......@.............@.@...@...@@.......@....@.@.@.....@..@@.......@@..@.......@@.@.....@@.@......@@...
...@.@..@......@.@..@.@.@..@.@@....@...@.@..@@@......@..@@....@..@...@...@..@..@@.@..@.@@...@....@....@@.......@@..@.@.....@...@@..@@.@@@.....@.@.....@@...@..........@.....@...@.@.@...........@..@.@.@.......@.@..........@...@@.@..@.@..@.@@.@@@......@..@@@.
.....@.@@@@@@....@..@..@@......@@@..@.@..@@...@.@......@.......@.@..@.@.......@....@@...@@...@...@......@@@...@@....@..@..@....@.@..@..@..@.@@....@..@@.@....@...@.@@@..@..@@........@.@@..@@@@.@....@@..........@.@.@@.@..@............@.....@..@..............
...@.......@...@...@...@@.@..@.@..@@.@.....@@..@.....@.....@@.......@.@@..........@.......@...@..@....@.......@@..@@...@......@.@....@@@@@..@.@..@...@@..@@....@@@...@..@..@..@..@@@.....@...@@@......@@........@@..@...@.......@...@@..@@...@.@....@..@.@...@..
.@..@..@@@.@...@......@@......@......@@....@......@@@.@.@@.@@...@@@@..@..@......@@..@.@....@..@....@@.....@@.................@...@..@......@...@.@.@.@...@....@.@..@....@..........@.@..@.@.@...@...@.@@@...@.....@.@@@@.@.@@.....@....@.@..@.....@@......@..@.@
.@@.@.....@@..@@.@@........@@.....@..@....@@.@@..@......@@..@......@@.@....@..@..@....@.....@..@..@.@@...@.@..@...@...@....@@.....@.@.@..@....................@@..@........@...@....@.@..@.@.@@..@..@.....@@...@@..@....@@...@.....@.@..@@@@....@.@.......@@@.@.
.....@@@..........@.@..@........@.@......@...@..@@.@@.......@.............@@@.@.@.@@.....@@@......@...@..@...@........@@@..@....@.....@.@..@@..@@...@...@.@@@.@..@@...@......@.@@.@.@@@@.@........@@@.....@@.@..@@.@@@.@@@...@@@....@..@@@@..@..@...@..@@....@.@
@.....@@@@.@..@.......@......@@@.@...@@...@.@.@....@@@..@@...@.@........@.@.@....@@..@@.@.....@....@@@.@@.@.@.@...........@..@.....@.@@.@..@.@.@.@@..@....@..@.@@.@....@....@.@@.@...@.@.....@@...@....@@.@.......@....@......@..@.@@.....@...................@@
@..@@@@.@@.@...@@....@.@.@....@.@..@@.....@.....@@..@.@@@@..........@@@..@.........@@.......@@.@......@@.......@....@@..@@.@.@...@@.@.@.......@.....@..@..@..@..@@..@...@.@....@.@@...@@...@.......@.@.......@@@@@.@......@...@............@...@..@..@....@@@...
.@.@.@@@..@.....@...@.....@@........@@.....@@...@.....@.@@....@..@.......@@.@..@....@@.@...@......@..@..@.....@@@....@.@....@.....@.....@..@@.@.......@.@.....@@.@..@..@...@...@.....@@..@....@@.....@....@..@@.....@.............@@.@.....@@....@@.@@@@.......@
@@.@.........@......@..@.....@@..@@@..@.........@.@.@......@..@.@....@@.@@.@...@....@@..@..@@....@@.......@.@..@@........@......@.@@@..@....@.@@......@....@....@@@@..@....@.@@.@.@...@@..@.......@@@.@..@@.@@.@..@@@.@.......@..@.@@.@@@.@@..@..@.@@...@@..@...
.....@..@@@@.....@@@......@....@..............@@.@...........@.@@@..@..@....@...@@@.@.@......@@.....@.@@@.@...@@.@..@.@.@........@..@...@..@@...@.......@.@.@.@..@.@.@..@....@@.....@......@@.........@@..@...@.@....@.....@...@.@....@.@......@.......@...@..@@
.@....@...@...@......@.@......@...@@..@..@....@@@...@...@@.@..@.@@.@.@.@@@@..........@....@@.@@....@.@@.....@..@....@..@.@.@@....@....@@...@@.@..@.....@......@...@.......@...@.@@@...@..@...@......@@.@@@.......@.@@.@@.@..@...@@.@@@....@...@...@@.....@@..@@.
@@.@@@..@@@.@@......@.....@..@@@...@.@@.....@..@.@..@...@.@...@.@..@.@.@........@@...@@..@.....@.................@.@@..@..@....@@.@.....@..@..@...@@..@.....@@.........@@.@........@..@.....@.@.@@@.@.............@...@@...@..@..@.......@@..@.@@@@..@.@...@@.@.
.@@@...@..@....@@@....@...@...@...@..@@@.....@.@.....@@..................@.@@..@..................@...@..@@...@@.@@@...@.@...@...@.@.@@..@....@@.......@.......@.@......@..@..@....@@.@..@@.@@.@.@.....@.@.@..@@....@..........@.@..@@.@@@.....@....@..........@
..@@....@...................@..........@..@.....@...@..@..@..@.@@@......@@.@......@.@@@@.....@.@@@....@.@.......@.@...@............@.........@.....@..@.@@.@......@@...@@@..@...@@....@...@@.....@.@@....@..@...@.@..@@....@..@....@...@.........@...@@..@@.@@.@
@@.@.@.....@........@@..@......@.@........@@...@......@@........@..@...@....@.@@...@....@......@...........@@...@..@@......@.@@...@@.@@.@......@.@@....@.@...@@......@.@...@.......@....@@..@.@...@.....@.@.....@.........@....@.@@@.@.@...@..@........@........
.@@..@..@@.@@.@@........@..@.@.....@@@.......@..@......@.@@....@@@.@..@.@............@.........@........@....@..@...@..@@.........@.....@@.@@@..@@.@..@...@.@.@@@.......@.....@.@.@@...........@@@@.......@@......@..@@@@.@@.....@..@...@@.@..@.....@......@.@..
.@..@.....@.........@.@@@.@..@..@...@.@@@.@..@.........@@.@...@..@........@.@.@..@.........@@@.@..@.@..@.@..@.........@..@@...@..@@...@..@@.@..@@.@..@@@..@.....@........@@.@..@.@@.....@.@@.@@..@..@.@@..@.....@........@.@@.@......@@..@...@..@......@@.@.@..@
.@.@...@@.....@..@..@@....@.@.@...@..........@@.@......@@@@.@@..@.......@...@@@.@@..@.@.@....@@.@..@@.....@@@@...@@...@..............@..@@..@.......@@.@....@@@.@..@...@.@.@...@..@.......@@.......@....@...@...........@.@..@....@@@@.@.....@...@.........@.@..
@.@@...@....@....@.......@....@.....@@.@.......@.@@@...@..@..@@@.....@.............@@.@.....@@.@@@@...@....@.......@@......@......@.@.@.@.@.@...@......@@....@......@.@...@.@.@.@.@..@...@@.@@..@.@..........@.....@...@@@..@......@....@.@....@@@........@.....
.@........@......@..@...@.@.@......@@...@@.@..@@...@....@.......@.@.......@@...@......@.@.......@...@@@....@....@...@....@@..@@.....@.......@@..@..@@.........@.....@.@.@..@.....@...@@..@@....@........@.@@@..@.@.@.@@...@....@..........@..........@@...@@..@.
..@..@.......@@..@@..@@...@@.@..@@.........@....@..@@@......@..@.@.@....@@.@..@...@@@....@.@@...@............@.....@.@@.........@.@@@......@@...........@........@@.............@@@..@.@..@..@..@..@..@......@....@.@..@@....@.@@.....@.......@@..@......@...@.@
......@..@......@................@.@..........@...@.@@.@...@@@.@.@@......@.@........@@...@..@....@@...@..@.@@@@...@@.@...@.....@@@......@.......@@.@@@...@@..@.@....@.@..@....@....@@.@..@...........@@@.@@.@.@.@..@@@................@..@.....@.@@...@..@.@..@@
.....@.@....@@@..@.@.......@@@@@@........@@...........@@@@.@.@@........@@@.....@@@@............@.@@.@.@....@......@..@@.@.@.@@@....@.@..@@.@.........@.....@...@@.............@........@@...@@.@@.@..@....@....@...@@.@...@...@.@.@.@@..@......@..@....@@.@...@.
...@.@................@.....@....@@.@.@........@@@@.@.@@.@.@...@@......@.@@...@.......@@..@@..@.@.@@.@..@...@@......@.@.@@......@..@....@@.@@@@@...@...@@....@@@@@@..@@@@.@.@@.......@.@...@........@..@...@...@@@@..@...@@....@........@.@..@....@.............
..........@@....@.@@.@@.@...@.@....@..@.@.@......@...@.@...@@@....@..@.@....@.@......@@....@..@.@@@.......@@..@@...@@@......@...@@........@............@.@@......@.....@.....@.@.@.@.@@..@....@....@.@.@......@..@.....@......@@.@..@..@.@....@@.@......@.@..@..
...@@.@.....@@.@.......@@.......@.@@@..@@.....@..@.@@@..@...@@..@....@.....@....@....@.@.@@....@.....@@......@..@@@@.@@..@@..............@@@..@@....@.@...@..@......@....@@@@...@.@.@@.@...@.@......@@@.@.@@..@....@@...@@......@.@.@.@.......@......@....@.....
....@...@......@@...@.@.@@.@.....@.@@@.....@...@........@...........@@...@..@.....@....@...@.....@.@..@.@..@@@.@@@.........@.....@@..@.@....@@..@..@@..@.@@..@.......@@......@@.@..@.@....@@..@@@.........@...@.@.........@.....@.@@@.@@...@.@...@@...@@..@..@.@
.@...@@........@...@...@.......@@..@@....@.........@...........@.....@....@@@.@.@.....@..@....@...@.@.......@.@@@@@..@...@..@.......@..@.@@..@.@@.@......@..@...@...@..@.@@....@.....@@@@@.@@@.........@.......@@..@@@@.............@....@.@....@..@.@@...@..@@@
..@.....@@@..@..@...@..@....@@..@@.....@.@.......@...........@@@@@@.....@.@.@.....@.@@..@@..@.@@....@...@...@.....@..@..@@.@@.....@...@.@..@@.......@...@.@.@@.@.@......@......@.@..@.@@...@@....@@@@..@..@@@@.@.@....@......@....@@.@...@@@.@.@.....@@@.......@
...@....@@.@@..@.....@@...@....@@..@@.......@..@....@@..@..@.........@.@..@.....@@....@@.@.@.@.@@@..@......@..@..@@.@@@.........@....@@...@...@@....@..@........@.@...@@@......@......@@@..@@.......@@..@.@......@@.@@@...@@.......@@..@...@.@...@..@.@@@@..@.@.
........@@..@.....@.@......@.@..@...@.....@...@.@.@.@....@.@..@...@@@.@@.....@..@...@...@@....@..@@@..........@.@@@....@@.....@....@@..@@@.@.@@....@@...@............@....@@@............@@...@@..@.....@@..@..@..@..@....@......@...@.@.@.@@@.........@.....@@.
.......@............@...@...@@.@....@.@.......@@@.........@@..@......@.@..@....@@.@..@@@..@@..@.@.........@@.....@.@@.@......@...@.@@.@..@@....@.....@@..@...@..@.....@..@..@@..............@..@.@@@@..@@......@.@..@.....@@@.....@.@.....@@..@..@.@@@@..@@.....
.@@...@.....@.@...@...@@.@..@.@...@.......@@...@.@....@.@...@.....@.......@...@..@.@.@@.........@..........@.@...@.....@......@..@.@.....@......@..@......@.@@@@@.@@..@......@@.....@..@...@.....@@...@.......@.....@..@@.@......@.@..@.....@..@......@@.....@@.
.@@...@@..@..........@@.@.@@@....@.........@.@@@...@.@@.@@@@...@.@.@@....@.........@.@.....@@@..@.@.....@...............@..@..............@.@.....@.@..@........@@.@...@.@.......@@.....@...@....@..@.@...@.@.@.@@@....@....@...@@..@..@...@....@@@.@.@..@@..@..
@..@...@.@@@..@..@.@.........@@........@.......@..@.@..@..@.@....@@...@..@....@...@.@.@.@@.......@.@@.@@.............@.....@...@.@..@@@.@...@...@...@.@...............@@@@@....@..@..@.@.@@.@@.....@..@...@..@.@.@..@@......@....@..........@.....@..@....@.@.@@
....@....@@.....@....@.....@@...@.......@..........@........@..@.@......@...@@@.......@.@..@...@.@.@@........@@....@.........@.@@.@.@.@....@@..@....@....@@......@...@@...@..@........@...@@..@......@@@......@@.@....@.....@....@....@.@@....@.@......@.....@..
...@.......@..@.@.@..@.......@.......@@@@..@@....@...@..@....@..@....@@.@..@...........@.@.@@.......@@.......@.@.@..@@.....@..@.....@.....@@...@.@.@.@..@.@@.@@.@@@@@@..@....@@.@....@@..@..@@@.@@......@@.@...@.@..@..@....@..@.............@.....@.....@..@...
.@@@..@@..@......@.@.@@@@.@.@......@......@@....@..@...@........@....@....@.@.@@.@.......@.....@.......@.@.....@.@@...@...@.....@..@.@.@.@..@.......@..@.....@@.......@@.....@....@.@...@........@..@.@.......@.@@.@...@@......@.........@.@.@.@@..@@..@.....@..
@.@@.@@@.@..@@@@........@...@@...@@..@@.@......@.......@...@@.........@......@...@@.....@.@@@.....@@..@..........@.....@....@@.@.....@@@...@...@..........@....@@.@@..@.....@.......@.@@@...@..........@.@........@@.@@@.@...@@@......@.@.....@@.@........@....@
@.....@..@...@..@.....@....@@@..@@..@.@......@.@...@......@......@.@.@.@...........@....@@......@......@...@................@....@.@@....@.@........@@.@.....@.@..@........@....@@.@@@.@.....@.@@@.@@.@....@@@@@....@@@@@.....@@......@@.....@......@.@....@...@
......@.....@.@.@.....@.......@..@.@.@.......@.......@...@@@@@@......@@.....@@.@..@..@...@.@..@@.....@...@.@....@.....@@.....@.......@@..........@@.@@@.@.........@@............@..@....@..@.@..@.@.@@.....@.@@....@...@.......@@.@.......@@.@........@....@..@.
.@.@.@.@...@..@....@..@.....@@....@.....@.@..@@...@.@......@.@.....@@@.@...@........@....@.....@.@.....@@@...@@..@@@@.@@..@..@@@@..@......@...@..@.@..@..@.....@.......@.@..@@.@...@..@...@@.@@..@.@.....@.@@@...@@........@....@.@......@@@@.........@...@.@..@
...@.......@........@..@...@@@........@..@@........@...@.@..@.@.....@.@..@@..@.@...@........@.....@@..@...@..@...@..@....@...@@......@...@.@..@.@.......@.....@.@@@.@.@@@@..@.@@..@.....@...............@.@@...@.@..@.@@.@.@@@.@.@....@..@@..@...........@..@@@.
....@...@.@@..@.@.......@@@....@.....@..@.@.@..@....@......@....@.@....@@@@....@...@@@.@..@.....@@@@..@@......@.@.@@@@..@.@....@....@@.@..........@..@.....@@..........@.@@.@@......@@....@....@.@@.....@@@...@...@@@@....@@@..@....@@.....................@....
.@@..@....@........@..@@.@..@@@.......@.......@@.@...@....@@..@@.@.....@@@@@........@.@..@..@@@...................@.@.@...@@.....@...@...@...........@@........@@....@..@@.@@.@@@@...@@.....@.@.@..@@.....@..@...@@..@@@..........@............@@...@.@.....@@..
.........@@@.@...@@.....@.........@@@..@@@........@..@....@..@.@..@...@@..@........@........@............@..@......@..@..@.@@@@.@...@@.@@@.@@.@.....@........@@...........@.......@.....@.@@.@...@.@.....@.....@..@....@@...@@@........@.@@..@..........@.@@...@
.@@.....@..@.......@@...@@..@@.@@.@.@.@.@...@@...@@.@@.......@@..@@..@....@@.@..@.......@@.@..@.@@@..@@@.@.@@@..@@@...@@.@.@.@@@...@.@@.@...............@.....@.....@.@.........@.....@@..........@.....@.@..@.@...@....@@.@...@@...@..@@.@@.@..@..@............
@.@...@.@....@.@...@..@...@@...@@..@...........@@@..@..........@@@.@..@@@.....@@.@..@.@.....@.@...@.....@...@@........@........@..@.@...@.@..@..@.....@@.@.@...@..@@@..@....@@..@@@...@@@.@@..@...@.@.@......@........@.@@...@....@.....@..@@......@@.....@.....
......@...@@@@...@.@...@@@..@...@......@.........@@...@.......@..@@.@@..@...@@@....@....@@.@@....@@.@@@...........@@..@........@.....@.@..@@....@@....@@........@.....@@@....@......@@...@..@..@.@@..@..@@@.....@.@.....@@.....@...@....@....@..@@....@@.@.@@.@.
@..@@.@..@@@..@@@...@@.@...@@.@..@..@....@...@@....@............@.......@..@@..@.@.@..@@..@.....@@.@@.....@..........@.@.@.........@...@...@@.@@@....@...@..@...@...@@...@.@...@...@..@.@..@.............@..@.@..@@@.@.@..@@.....@@.@..@....@@......@@.......@..
@.@@@.@............@.@.@....@....@....@...@.....@..@..@@..@.@@@@....@.@...@@.@.@...@...@@@...@@.@@........@.@...@.....@......@.@..@@......@..@............@........@.@.@..........@@........@...@..@@..@......@.@....@..@...@@@.....@@@@@.@....@...@.@@.....@..@
.@@..@..@@@.@......@.@.....@........@..@.@.......@@.....@....@@......@.@@.....@@..@..@....@.....@....@@.@@...@.....@..@......@..@.@@.....@.@........@..@.....@@............@...@@@.......@..@@@.@......@..@.@.@..@.@......@@@@@.......@.@.....@....@....@..@@...
@..@.@@....@.....@.@@..@..@.@...........@@@..@.@@....@...........@@...@..@.@....@.....@@@@.@........@..@..@@@....@.@........@@@....@@......@@@.........@@.....@.....@.@...@.@.@@...@...@.@...@.@.@@..@....@.....@@.....@....@...@...@.@...@@...@@..@.@..@@......
.......@........@...@.@.@..@@........@....@..@..............@.@...@...@.@.@@...@@.....@@@...........@..@.......@@.@....@@..@......@........@@.@...@@@...@..@......@@......@......@...@......@..@...@....@@..@.....@@........@.....@..@@@.....@@.......@@@...@..@
.@....@.........@.........@.@..@.....@..@.@.@@@...@.........@.@...@@.@.............@........@@.....@....@.@@......@.....@.@............@..@.@.....@..@@.@..@.......@...@@@....@..@.....@...@.@..@.@@@@...@@.@..@...@..@........@.@@.....@@.......@.@....@.......
@.@.......@.@..@@@..@..@..@.@@@.@@....@......@.@@@.@.@..@...@@..@@....@.@.@.@.....@..@......@.@@..@@@...@.@..@@@.....@...@....@......@..@..@........@@@@..@.@..........@@@...@@.@@....@@..@........@.@.@@.....@...@..@@.@....@@@.@@.....@@@.@..@..@.......@...@.
.....@.@...@...@.@..@@......@.@..@.........@@.@....@....@..@.....@@.@..@....@@@.@......@...@.@@.@....@@.@.@@.@...@..@...@.@..@.....@.......@@.@.@...@........@.@@.@.......@........@..@...@.......@.@@....@.@@.@.@........@@.@@....@...@...@.@@...@....@.@@.....
...@.@@.@......@..@.@.@@....@......@@@...@....@@..@@..........@...@....@@..@@@.....@@.....@......@.......@....@.@...........@..@..@.@.@...@@.@.......@......@......@.@@@.@....@....@..@@.@.....@..@.@...........@@...@.@.@@...@.@@@...@.......@.....@@....@....@
@...@@.....@.....@.....@..@.@...@@.@...@...@.......@.....@@..@@...@.@....@@@@@....@..@...........@@..@.@.@..@.@@.@..@.@......@@@..@......@@..@...@.@.@..@..@@..@@@.@.@...@.....@.@@.@.@......@..@......@..@.....@..@@........@....@....@@...@@.....@.@....@@.@..
@@@.@@@..@.@....@@..@....@........@...@.@@.@@@..@.@..@.@.@..@.....@@..@.........@....@.@...@....@..@..@.@.@@@@..@..@....@.@@@.@.....@@.@....@..........@@..@........@..@@@....@....@@@.@@@..@..@.@..@...@.@......@....@....@@...@...@.@@....@.@..@.........@....
...@..........@......@.....@.@@......@...............@..@@......@.@@.@.@......@@.@..@..@.@@@.@.@@@.........@.@.@@............@@..@.@..........@...@@@..@.@..@..@............@......@......@@......@.@.@@@@.....@......@.@...@.@.@@....@@..@@...........@...@..@.
.@....................@.@@@..@....@@.....@...@@@...@..@...@@....@...@.@@@.@..@@...@..@..@..........@@..@.@.@@.@.@.@@......@..@......................@....@..@..@@...@........@.@..@.@.....@@.....@@@....@.....@...........@@.@@.......@...@...............@....@
...@..@..@.@.@.@@...@@.@@.....@..@..@.@.@@.@.@@@@@....@@........@@......@.@........@.@...@.@.@....@..@@@@.......@...@..@@...@.....@@..@.@@.@..@@....@.@@.@@@@.....@@@..........@....@@....@...@.......@.@@..@..........@.@@.@@@.....@..@..............@.@...@..@
...........@..@.@....@......@.@....@@..@.@......@..@.@...@.@.@@.........@@@..@@.@...@.@@@.....@@@..@.....@@@....@@@@...@...@.@.....@.@@.....@..@..@@.@@...@......@@.@.@@.@.@......@@.....@.......@.@...@.@...@....@....@..@@.......@...@..@.@.....@..@@..@...@..
........@@@......@..@.......@@@...@.@...@@.....@.@@@@....@@..@@@.@@.....@..@...............@@.@...@....@.....@@@.......@..@@@@@@..@.......@.......@.....@.......@..@...@...@..@.@@....@@..........@..@...@@.....@@@..@@......@.......@..@......@@@@...@..@@...@.
..........@.......@.@.@..@@....@.@..@....@....@.....@..@.......@.@.@.@.@..@.@@@..@@@..@..@.....@...@..@.@.......@......@...@.....@....@..@.............@...@..@@@@.@@......@....@..@@........@....@...@.@...........@@.@@@.@@..@.@....@@@@..@...@@.......@..@...
....@@@.@.@...@.@@....@..@@...............@..@.@....@..@@...@..@..@...@@..@...@..@@....@.@.....@....@.....@@.@...@@...@....@.@@@@@.@.@@@@....@.....@....@@...@..@@.@.............@.@....@...@@...@..@@....@@..@..@....@@..@.@....@.......@.@..@@...@...@@......@
@@..@.@.....@.@.......@.@.@.@@.@......@.@@@....@..@.@.............@@@.@........@@.....@...@@.......@@.@......@...@.@@.@..............@@.........@.....@....@@...@@@@@.@.@.@..@.@...@...@...@.@@.@.@@..........@..@..@.@...@.......@..@....@.....@...@...@@@@.@..
..@..@@..@......@....@....@@@...@@@@..@.......@..@.....@....@.@....@..@@@...@@...@......@.....@......@.@....@@.@..@..@.@.......@...@.....@..@@..@....@@.....@......@..@...@@..@..@...@@@@..@.......@.....@......@...........@..@@..@...@@.....@@@.@.@.......@..@
...@...@..........@.@.@.@.@.@@@........@@@.@..@@...@.@.@@........@..@......@...@...@.@........@.@......@@...@..@@@.....@@@........@...@...........@@....@....@...@.@........@.@...@...@....@.@@.....@...@@....@.......@@.@.@.@...@.............@@......@@@@.....
.@..@....@.........@......@.@@.@.@.@@@...@..@@...@.........@@..........@@.@.@.........@@@@.....@@..@@...........@@...@.@@.@@.......@..@.@@.....@.@...........@.@.@..@.@...@@...@.@@@.@@@.@@@..@@..@.@..@@.......@...@..@.......@..@@@.@@@........@...@@.@@.@@@.@
@@.........@@...@@.@@.@.@@@..@....@.....@.....@........@..@..@.......@........@...@..@............@@...@..@@.................@@@@.@..@...@........@..@..@.......@............................@..@.....@.@.....@@.@.....@......@..@.@.@.@..@.@...@........@..@.@.
@@.@....@..............@..@@.@.......@........@...@.@...@....@@................@..@..@..@@...@......@..@..@@.......@....@...@....@..@@...@..........@.@.@...@......@....@...@......@@.@..@@@@......@@@.@@.@@......@.....@@@....@@..@.@@.@..@@......@@@@@@.@@@.@.
@@...@...@.@.@.@@@...@.@....@@@..@.@.......@@@..@.@...@.@@...@@@@......@@...@..@..@..@@..@@..@@.....@..@..@.....@@...@..@....@@............@.......@@@.@...@......@@..@..@@@.@@.@..@@.@.@........@@....@@...@...@...@.@@.....@..@.......@.......@...@...@.@..@.@
@.@..@@...@@@.......@.....@@@..@.....@@..@.@..@@@@.........@...@.....@....@...@@@....@@......@..@...@........@@@.@.@@@..@..@@@@....@@....@..@@.@..@.........@....@..@@.....@..@.......@......@..@..@@@.@@.@................@...@@.......@@.@..@.@@@@@.@..@@...@@
@..@......@.....@@...@........@@@..@@..@.....@@...@..@@@.@@@.@........@....@............@.@..@..@..........@.....@..@.@...@...@@...@@..@...@.@....@.@...@..@...@@@.@..........@........@@....@......@...@@.@.@...@.@@@@...@@@.@...@@.@..@.@.@.....@........@..@@
@..@@@..@@.....@...@@@.......@@@...@@.@.............@.....@.@@@.@.....@@.....@@...@.....@...@........@@..@....@.@@....@..@@..@...@.....@.@....@......@...@@.....@..........@................@@....@....@.@..@.@.@.....@..@@......@.......@.@.....@..@@.@....@...
@@...@...@..@.@@@.@@..@.@..@@.@....@.@@.....@.@...@@..@..@@...@......@@.@......@@@@.@.@..@.@........@..@...@.@.@...@..@.........@...@.....@@@......@.@..@@..@......@...@@.@.....@@@@.@...@....@.....@@@.@.@@.@.@@.....@.@.@....@.@..@....@@@....@........@@..@@.
.....@..@.@@.......@..@..@@..@.........@@@@.@..@.@@..@.......@...@.@@.@..@...@...@@...@..............@..@@@....@@..@@@@.....@@.....@.@.@.......@.@@.....@@.@@@...@@.....@@@@..@...@.@@@@@....@.@@....@@.@.@...@.@.@.....@.@..@.....@@@@@...@@..@.@@.............
.....@.....@.@@@...@......@............@.@....@@@....@@..@@@......@.@...@.@..@@.@.......@....@.@.@...@@.@..@......@@@@@..@.@.@.........@.@.@@...@.@..@@...@.@......@..@.@@.@@@@...@....@..@.....@.@.@...@....@@...@...@...@..@.....@@.@@.@@@@.@...@.......@@.@..
@....@.@.@.@..@...@@@@@..@@.@..@@.@.@....@.......@@@............@.............@...............@@@...@@....@@.@...@..@......@..@.@.........@@@....@@@............@@.@@.......@.@.@..@......@......@.@.........@...@@..@@.@........@@@@...@....@.........@.@...@@.
.@.......@@.@.....@@..@.@.......@@.....@..@@.@......@.....@...@..@..@.......@@@...@.@@.......@..@...@.@@..@.@@.@......@......@.@@...@@...@.....@@.....@@@@.....@...@@..@..@....@..@....@.@..@@.@..@.....@........@........@.....@...@........@.@.........@.@...@
.....@..@.@.@.@@.@....@..@@@@...@....@.@.........@.@@....@..@....@......@..@.........@.@...@....@..........@@@@...@@@.@@@...@..@....@.@....@@@......@@.......@@...@.@....@...@..@@..@.@....@..@@..@@.@..@...@...@.....@@..@.@..........@@............@@..@..@...
.......@...@...@..@..@@..@.@....@.@......@.........@..@@@@.....@@@.@...@@.@.@...@...@......@.........@....@@....@........@...........@@..@@...@@@.@......@..@@.......@.@.@....@.@......@........@@....@..@.@...@@@...@......@....@.@@..@.......@@.@@.......@...@
.........@..@...@.....@@.@@..@...........@.@.@@.@..@@....@.........@.......@..........@@@....@.....@@....@.@@..@..@...@@.....@..@..........@.@@....@@.@@@@..@.@...@@...@..@.@......@..@.@@..@.@...@.@...@................@.........@@..@.@..@@..@......@.@......
....@...@.@@@.@.@@@.@.@.@..@......@.........@@..@.@@.@..@...@..........@.@...@.@.@.@....@.@.@@...@@.@@@@......@.....@.@@....@..@@@@@.@...@@@@@.@@..@@.@.@@.@.......@@...@....@@...@....@..@@....@...@....@@..@@...@..@.........@...@.@@@.@.@..@....@@@..@@...@@.
......@..@........@....@@@.@..@..@.....@.@@.....@...@.@.@@...@..@...@.......@@.@...@........@....@@.@........@..@.@.....@@...@.@@.....@@@.........@.@@..@.....@..................@@.@......@.@...@@...@...@.@...@.@..@.......@.@.....@.@@....@..@.@.@@....@.@@@.
.@......@.@...@......@@.@@.........@.@...@..@.@...@..@.@..@.......@.@.@................@.....@.@..@.....@@...@@........@@@.@...@......@@@..@.....@@....@.......@...@@....@.@@.@@....@@@.@...@.........@@@...@@@@.@......@.@.@@..@@....@......@@@...@......@.....
@..@...@@..@..@.....@@@...@@@@..@.@.@.....@..@@....@..@.@@....@@@.@@@.@@@..@.@....@@..@@...@...@@..@.@.@.@...@...@.@..@..@@....@...@....@@@@.@.@@@....@@@....@@.@..@@.@@@.@..@.@@.....@@......@..@..@.....@.@..@@.@..@.@......@@..@@.@.......@.@@....@@.....@...
.......@.@@@@@.@...@.....@@.......@.....@@.@@@....@@.....@....@..@..@@..@@.....@....@...@.@.@@.@..@.@..@.@......@@.@....@.@..@@.@..@...@.@....@@.@....@@....@.@@......@.@...@...@...@@.@......@.@....@........@....@...@@.@@.@.@@....@...@.@@@...@@@@..@.......@
........@@@....@......@.@.@..@@..@@@.....@@.......@....@@.@...@......@@.@@..@.@......@....@......@...@@@...@....@@..@@.@.@.....@....@...@..@.......@.@.@.@@@........@@@.....@@@...@.@.....@...@....@@...@@@.......@@....@@.@.@@.........@....@...@.@.@@....@..@.
...@.........@......@....@@............@..............@.@......@...@.@.....@.@@....@.@..@...@.......@.@......@....@..@.....@@.@@.@......@@...@...@...@.@..@@.@.@.@........@.....@..@......@..@.@@..@@@.@.@@..@.@@@@....@.@..........@@.@@..@.....@@.@@......@...
..@@...@..@...@..........@@..@..@.@....@.....@.@.@@.@@@@...@@.........@.@@...@@.......@.@.@..@.....@...@....@.....@...@@@.@@@@.........@.@.@.@...@.@..@..@.....@@@.@.@.@@.@...........@@.@......@.@..@@@.@.....@..@.@...@..@.....@@..........@..@..@.@..@.@..@.@
.@........@..@@.@@@@@@.@@...@@........@@@.@...@@@.....@....@@...@..@.....@.@.......@@@..@@.....@@............@...@.@..@..@@@.....@@.@@.....@.....@........@.@..@@.......@...@.@@@@.......@..@@...@@.@...@..@.@.........@..@.......@@.@....@.@....@...@.@@.......
@.@........@@@..@......@@.@.@.@.@..@..@.@...@@@@@@...@.@@@@.@.@@....@.@@@.@@..@@@@.......@.....@..@...@...@..@...@.....@......@....@..@.@.@..@.@@......@..@...@.....@.@.@@.@...@.@..............@...@@@.@.@....@....@@.@..@...@........@..@.@@.@...@@@....@.@@..
.@@@..@....@....@@@..@.@..@.......@@@.........@@..........@.@........@...@@@..........@.@..............@@..@@.....................@...@@.@..@....@....@.@...@..@@@.@...@...@...@...@.@..@....@.@.....@..@..@@......@@....@..@.......@.......@.@@@@..@...@.@@..@@
.....@...........@@.......@.......@.@@.@.@.@.@.@.@.@..@..@@...@...@@.@@..@.....@.@...@......@.@....@@.@@.@.........@..@......@....@@...@...@.@....@@@@.....@...@..@.....@@.@........@.@...@....@.@.......@@@@.@.......@........@..@@.@@@@...@@.......@.@.@......
..@@..@@.@...@.@..@..@@...@@..@..@....@@.@.@................@...@...@.@.@@@..@...............@@...@@.....@...@@.@.@@.@.@.....@.@.@@...@...@..@@.@@@.....@...@...@@@..@...@.......@...@....@......@.@@...@.....@..@.@@......@.@..@..@....@.....@.....@...@.......
....@@...@....@.....@@..@..@..@.@.@....@@......@..@.@@.@.....@.@..@.@@@.@....@.@.....@@.@.@@@....@.@.@.@.@..........@...........@@.....@..@@@...@..@......@@@..@..@.@....@.@...@.@.@@.@.@@@..@@@......@.@.@@.....@...@@@......@...@...@....@....@....@@..@..@@@@
.@...@..@.@...@................@@.......@@......@@...@.@@......@@@....@@@@@.@@@@...@@.@@...........@....@.@..@@.....@.@@.......@.@....@...@.@....@...@.......@.....@......@...@@...@@.@.@...@........@@......@.@.....@@.@...@....@@@@.....@.@....@......@..@@..@
.........@..@.....@........@.....@..........@@..@...@.....@........@.@......@.@.@....@..@@@...@.@.@@....@...@.......@@.......@..@@..@.@@.@...@.@@..@....@.@.@....@@@.@...@..@@.@@@........@....@....@@...@...@@@@@...@@.@...@....@......@...@.....@.@..@...@....
@...@...@.@@@@..@@@.@....@....@..@............@...@.@..@.@@..@.....@@......@..@.....@.@.@......@.....@@..@.@..@@.......@....@.........@....@@..@@.@@.@....@.@..@@..@.@@................@@@...@.@..@......@...@..@...@...@.......@......@@.@.@.......@....@....@@
.@...@.@@@....@@@..@...@@..@....@.....@@@............@@....@.@@.@..@.@..@....@..@.@.@@@........@.......@.....@...@.@@@@......@..@...@@@..@@.@............@@@.@@@.@...@..@@...@@....@..@....@.@.@...........@@.@@.@..@.@....@...@.@@.@.@..@@...@..@@....@......@.
.......@@@...@..@@.@@@....@@..@@.............@@...@..@@@....@@@...@.@...@.@......@...@.......@@@..@.@...........@..@@...@@@.@...@@.@..@@@...@..@...@...@.@........@...@....@..@@...@@..@@..@.@....@...@.@...@@..@@@..@..@..@.@....@.........@......@..@..@......
...@.......@...@.....@@.@@@....@@.@.@.@@@...@....@.@..@..@@.@.@....@@.@@............@@.....@.@@.@..@...@@...@.@.@..@@..@.@@..@....@@....@...@......@@@....@@..@.....@..@.......@...@...@......@.@....@.@...@...@.@.....@@.....@@...............@.@...@@...@.....
@..........@.@@....@@..@..@.@@@.......@@....@.@....@@.@.@..............@..@.@...@.@@@@..@.....@.....@@...@.@.@@....@...@.@...@.@.......@...@@@...@...@@@.......@@..@.....@@........@..@....@@..@.@..@...@.@.@..@.........@@@.......@.@@...@...@......@.@...@@...
.....@@@...@....@.@@@....@.@.@....@..................@...@.@.......@...........@.@.@....@.................@@...@..........@..@.@...@..............@.@...@.....@.@@...@......@...@@@...@.@......@.......@.....@....@......@@..@..............@..@@.......@@@....@
@@@...@.@...@@........@@......@...@....@....@@@.@.......@.@..@@......@.@@..@@...@...@..@..@...@.@.@@@..@.@...@..@.@..........@..@.@.@.@...@...@@.....@...@@@...@........@@....@@.@....@.........@@..@.@.@@@@....@.@...@.@@...@.....@@.......@....@.@...@...@@...
...@..@@.@...@.....@.....@.....@@@@@.@..........@.@......@.@..@@.@....@.@..@.@@@...@....@@@.@..@@...@......@.....@..@..@.....@.@@..@@..@.@...@.@.@..@......@........@..@.....@.@@@....@@@...@@@@.@...@.....@.....@...@...@@.@.@..@@@@.@..@..@..@.............@.@
.@@...@...........@@.@.@..@.@.@@.......@@@@.@.......@@@.@@......@@..@@@@..@.@.@.@......@@.@.....@..........@@@@...@...@@@@.@..@.@.@@@@....@.@..@..@@...@@........@.@..@..@.@....@...........@.........@..@@....@..@..@.@...@@.@@......@..........@@.@......@....
..@.@.@@@.@@..@........@@@@............@...@.@@.@.@.@.@....@..@....@@....@@.@......@...@@..@.@..@......@.@..@...@..@.@...@.........@........@.@.@@@@..@........@.....@...@@......@.......@@.@..@............@.@@..@..@..@@.@.@@@@@...@.......@.@@....@..@.......
.@......@.@@..@.....@@..........@.@........@...@..@.@..@......@@...@.........@..@.@...@@.....@....@...@@@.....@....@..@@@.....@.@.@..@..@@@...........@@..........@.....@.@..@.@......@.@...@.@@......@..@@..@....@..@@..@..........@@..@...@....@.@....@...@.@.
.....@..@..@.@@@...@.@@@@@...........@..@...@....@....@@@.@.@@.@...@.@@.....@@.@.@.....@@.@.@.....@.......@@@......@...@@....@@....@@...@..@..@.@..@@......@@.@@.@......@.@@@.@............@..@@@....@@...@@....@..@...........@..@........@.@...@..@.@......@@@
......@........@......@...@@@@.@.@@..@....@.@........@@..@@@...........@..@.@@@.@@....@...@..@.@.@....@.@@.....@.@..@....@@@.......@.@@..@@............@.@.....@.@@..........@...@@.@....@..@@.......@@........@.@@@......@@@.@......@@@...@.@.@@@..@@.@@@....@.
@.@@..@@...........@......@...@......@...@.@...@.@.@..@..@...@..@..@..@@....@..@.........@@.@........@...@..@.@.@...@..@@..@....@@.@@..@.@@.@...@...@.@@.@..........@...........@....@.@...@.@.@@@....@@..@@@@@..........@@@..@@.....@@@....@@........@.........
@.@@@@....@@....@.@..@..@@.@.@.@....@.@@.@.......@@.@@..@....@@..@..@........@....@.@.....@.@@.....@@@...@..@@@.@.@.@@......@...@.....@.@......@.@...@@...........@.@@.@...@..@@@@@@.@......@@..........@....@@..@.....@...@.@.@........@@....@...@...@.......@@
...@.@......@@..@.....@..@......@..@........@.......@...@.@@@.....@@.@..@.@..@...@..@.@@@@@....@@@..@@.@...@.....@...@..@.....@@@...@@@....@....@.@@..@...@@@.....@..@@@@...@.@@.@...@@.@........@..@@..@.@...@@..@..@.@..@....@...@@@.@.@.@@..@.@..@...........
.@..@...@@.@@@.@.@...@@@........@........@.......@........@...@...@@..@.....@@....@...@@@.@.......@...@....@@@....@.@...@...@@..........@@..@....@.@@...@.....@@....................@@@......@..@@.@....@..@@@.@.@.@..@.@......@@@..@....@.@.@@@@..@.....@.@@...
...@..@.@.....@@...@...........@.........@.......@..@@@..@.@.@......@@..@...@.@.@@....@......@..@@...@@@@...@..@...@@.@@....@....@...@...@@@..@..@.@.@....@...@@.@@.@...........@.@.@.@.......@..@..@...............@@@@.@....@@.@@......@...@.@....@......@@.@.
@......@.@@............@@.@.@.....@@..@..@....@@.......@.......@.@....@.....@@@@..@....@..@........@..@.@.@..@@.....@@.......@.........@..@..@@...@......@..@@@@..@...@....@....@@@.....@@.@.@@.....@.@.....@@@.......@....@@....@....@..@..........@.@.....@...
@@.....@.@...@......@...@...@@.@@@@@@.@....@.@.........@@.@..@......@@..@..@@....@..@.@.........@..@@......@@.@....@..@....@@...@@..@.@.@...@..@.....@@@.@....@...@@@........@......@.@....@@@...@.@...@....@.@.....@...@..@@.@.@.@.@.....@.......@...@..@......
.....@...@.@@@.@@@.@...@.@@..@....@@.....@...@@..@@@@@@........@..@@@....@.@@@..@@..@@@.....@...........@......@....@.....@.@@.@@..@......@.....@..@....@.@........@@.....@.....@..@@@.@..@@@.@@...@........@@...@...........@..@@.......@.@..@.@..@..@.@.@@....
.@@.......@@.....@....@....@.@@.@@@..@..@..........@...@......@.@@..........@......@@@..@...@@.@...@.....@..@..@..@.@..@.@.@...@@@.............@@...@@..@....@@.......@@@.@..@@..@..@.@....@.@...@...@.......@......@.@.@......@.@@....@......@@@@.@.@@..@.....@
.@@.......@.@@@.@@..@.@..@...@@@.....@.....@.@....@@@......@.......@..@....@..@@.@@......@..@...@.....@.@..@.@......@.@@.@...@..@@.@@..@@@@..@@.@..........@..@.@..@.@@...@......@...@.@........@....@@..........@.........@.@..@..................@..@.........
..@@@.@.@....@....@.@......@......@@@@@@@..@...@....@@..@@@@.....@.@.@.....@.@@........@.....@........@.@@@@@.@.@.@....@@.@..@..@..@@@...........@...@@.@.........@......@.@@.@......@....@.@..@..@@@.....@.....@@@@@........@....@.@.......@@..@...@..@@.......
.....@.....@@..@@...@..@...@..@...@.@.@@...@.......@@.@.@..........@..@@...@.......@.......@.@.@@@@.@..@...@..@@..@@.@.....@...@.......@..@....@....@.@..@....@@...@.@@@@...@@@@.....@..@@@.@@@.@@@..@..@.@...@@..@@@.......@...@..@......@.@.@..@..@.....@.@..@
..@.@....@.@@........@.@...@............@...@.@.@.......@@.@@........@...@@.@.@@.....@.......@....@.@...@.@@..@.@.@@.@@.@.@....@.@@..@.....@...@...@@.......@.@.@.@..@...@....@.....@@@...@.........@....@...@@.@@@..@....@@@.@..@...@.........@.@.@....@.@.@.@.
...........@@@.....@@....@....@.@@.@@.............@...@@...@@..........@..@.@...@..@.....@@@.....@@@.......@...@@..@.@@.......@@@@..@...@@..@......@...@.....@.......@.@..@@.@..@...@..@....@..@@@.....@@.@....@..@@..@@@@@@.@....@@@...@@@@.........@....@....@
.......@...@@.@@......@..@@@......@.@..@.....@@....@...@@@.@..@@..@@......@.@..@@@.........@..@....@@.......@@..@@....@..@.@@@.......@@@@....@...@.@.@@.........@...@.....@@@@....@...@..@.....@@.@.@...@.@.@.......@..@@@@@@.@..@...@....@@...@..@..@..@.@.....
.@@....@.....@..@.@.@@......@..@.....@.@@@......@.....@..........@.......@...@.......@........@.@..@..@.@@.........@.......@@@....@.@.@.@....@...@...@@.@@.@@..@.@@...........@....@......@@........@....@@.@..@.@...@@.@.@.@....@@@...............@...@..@.@.@.
....@...@.@....@....@@.......@@......@@....@@@@@@@@@@...@..@@.@..@....@......@@.@....@...@...@.........@@.@...@..@.@...@@@@.@....@.....@@.....@..........@....@.@...@..@.......@...@@.@...@.....@.........@@.@@..@..@@....@@.....@@......@...@..@..@....@@@.@@..
@....@@@..@..@......@........@....@@@@@.@.@@.....@.........@...@........@.@......@..@.@...@....@..@....@@@@......@.@.@@..@@....@....@.@........@@.@@@...................@.@@.@...@...@.@@...@......@.@..@........@@...@..@.@..@.....@......@...@.@.....@@@.@@@@.
.@@....@@@.@..@..@...@@@@....@............@@...@.....@.@..@.@@.........@@.......@.@......@..@@...@.@.@....@@..........@.....@.@....@.@@.........@.@.@.@.......@@@..@.@@@..@.....@.@..@..@@....@@@@.......@...@..@@.@@.@@.@@.@..@@.......@.....@.@.@..@@..@......
.@.......@.@@....@.........@..@........@...............@@.......@@....@...@......@....@........@.@.@.@.....@.@.@.@..@@..@.@@.......@.....@@.@............@.@@....@..@..@@.@......@.....@@..@@@@@@..@@..........@@.@@.@......@@@@......@@..@..@..@.@..@..@@@@...@
...@@@...@...@..@.@.....@...@.@.@.@.@.@@.......@......@@....@@@...@..@@....@@.....@.@..@.....@.@..@@..@@.......@.@@.....@.....@@......@........@........@@...@.@...@@....@@.............@@@...@.@..@.@@.@.....@.@....@..@.@@...@@@..@.@....@..@.@@.@...@.@......
@@@...@.........@@.@.......@.@.....@@.@..@.@@....@.....@.@.........@@...@....@.....@...@..@.....@@@...........@....@.....@@@....@@....@.@.@.@......@@@.@...@@..@...........@.@.@.......@..@@..@..@.....@.@@..@.@.........@...@@.@@.@.@@@....@..@.@....@.@..@@.@.
.@@@@..@.@@..@@.@@...@.@....@.@.....@@...@@.@......@...@..@@....@..@.@....@@@......@............@..@@@@@@..@.....@@...@..@...@..@@........@.@..@..@...@.@.@.@@@..@.@..@......@......@..@@...@@....@..@.@.@@@..@.@....@.@..@.@.....@..@.....@.@@.@@.@....@....@.@
..@@...@....@@...@.@...@.@@@.....@....@@.@....@...@@.......@....@...@...@..@...@.@.@...@...@@....@..@....@....@.....@..@.@....@.......@..............@@@..@@@.@.@.@..@....@.@......@..@@@......@..@.........@..@@..@.......@...@@.....@......@.@.@@@...........@
.@.@...@......@..@..@@...@...@.@...@..@@...@.@@@@.....@.@@.@..@....@@...@......@.....@..@..@....@.@.....@....@...@..@..@.@@.@@@.@...@.....@....@....@.@@.@.@@.......@@.@...@.@..@@.....@@.............@...@...@............@..@.........@@..@.....@...@....@@...
.@@........@.@..@..@.@@@@@@........@@@......@...@@....@..@......@....@@@.@.......@......@.........@@......@...@.....@.@.......@..@@@@@..........@@.@@@...@..@...@....@@@.....@....@@..@..@..@..@..@@@..@.@..@...@...@.@.......@@...@.@.@@.@......@.....@........
..@.@.....@@.@..@......@..@..@.........@..........@........@@@....@.@.@..@.@...@@.....@...@@...@...@.@.@.............@....@@@...@.@...@......@..@@@............@........@........@..@.@..@@@...@@@...@.........@.......@@@.@@.@.@@..@.......@@.@@.@@..@@...@....
..@@@...@....@...@.@@.@.......@...@...@..@....@...@@.@@@.@....@....@.@.....@..@..@.@.@.....@@.@...@@.......@@........@......@@.@@@.@.@@......@..@@...@..@..@..@..@@@@.@.@.........@...@..@...@...@..@@.@@........@@.@.....@@.@@.@@.@.@....@@......@@....@..@...@
..@.....@....@.......@....@@......@..........@...@.....@.....@..@....@@..@@.@.@..@..@....@......@@.@.....@..@@..@.@@.@@......@......@.@.@@@....@.@.........@.@.....@@.......@...@..@..@.@...@....@.@..@....@@@.......@.@....@@@..@........@.@.@..@.@@......@....
.....@@.....@..@...@@.....@..........@.@@....@.@...@....@.@......@.@.........@..@........@@..@...@.@...@.@..@...@......@..@...@@..@@@..@@..@@.@........@@.........@..@@...........@@..@@...@..@......@@.@@.....@.@...............@......@..@@...@...@@..@..@..@.
.@@......@@...@....@@..@.@...@.@@@...@..@..@.....@@.....@..@.@..@@....@@..@..@..@...@....@...@...@.......@.@..@@.@..@@.....@..@.@.@@@..@@.@..@@...@...@...@.@@......@...@.......@.......@......@.@@.@.@.@@.@@@....@@.@@..@.@..@@....@....@.@.@..@@......@.....@.
..@.@@..@...@@.........@.@....@............@.@...@....@..@@......@@@............@..@.@@@@....@......@.........@.@.........@@....@@..@.@.@..@.@@....@........@@.....@..@....@....@@@.@@.@......@..@.@.@@.@...@.....@.@.....@..@......@.@.@@@..@@....@..@..@.....@
...@..@@.@...@...@..@.@@..@.@..@@.@.@......@....@.@@..@...@..@....@......@@@.@@@@..@@..........@..@.@@....@..@...@@.......@.....@.@@@.@.@...........@@......@.@@@@......@.@@.@..@@@...@@@..@........@@.....@.......@......@...@@.@.@......@@.@..@@..@....@@.@..@
......@.@@......@...@@.@......@.....@@....@@@.....@.@...@.@...@.@.@..@.............@...@...@@@....@@..@..@...@......@@...@......@..@..@..@....@.......@@@@..@..@@@@.......@@@@.@.@@@.@@..@@..@..@@..@..@.@..@....@@..@.@.....@..@..@@..@@@..@.....@.@..@......@.
@@.....@.@@.....@..@..@........@@..@...@@........@..@...@@..@@..@.....@....@.......@.@@@@..@@....@@......@@@....@.@@...@.....@...@@...@..@@............@.@..@.@.@@@.@.@@....@...@.@.@.....@.....@......@@........@@@.@..@......@..@......@.....@..@@@.@@@......@
.@@...@...@@....@@...@@.....@@@.......@@..@.@.@....@...@@.@@@.@@.@.@.......@.@...@@..@.......@..@@..@......@.@..@...@.@.@..@.@.....@@.@@@...@@...@@.@@@@......@..@......@..@..@.@@.@...@@@.......@.@@.@@.@...@....@@..............@@....@@..@..@.@.@...@@..@.@..
..@.@.@.@..@.@..@.@@.@@....@...@.@@.@..@..@..@...@...@@..@@......@..@@..@@...@...@..@.........@.....@..@@......@.@......@....@....@@@..@@@.@........@@@.@.....@...@@@@.@@@@@@...@.@@@@@..@@..@.@..@.@.....@....@@...@....@@..@...@@.@.....@...@.@.@@.......@@.@@
@.@...@@@.@.@..@@.@.@....@.@.@.....@@....@@.@....@@.....@.@.......@...@........@@..@..@...@@@..@..@@..@.....@.........@@....@................@...@....@@@..@.@.@...@.@..@@@@...@...@....@.............@@@.@..@.@.@....@.....@..@@..@@@@.@..@..@@@....@.@....@@..
......@....@..@.....@....@....@...@.@@@..@...@....@..@.@......@.@..@.....@@.@@@@.@..@@....@.@...@.@..@@..@.@............@..@..@@.....@..@@.@@@..@.@.@.@@..........@...@...@.@.@.......@.@@......@....@..@.@.@.@@.@@..........@........@..........@...@@.@.@@....
...@..@.@.@@..@@@...@.@.@.@....@@@.@..@...@..@.@.@......@.@@@.........@..@.@.@@..@...@..@.....@@..@.......@@@...@.@@.@.@..@............@..@.@...@.@.@@@..@@.....@@.@@..@......@@.@....@.@....@.@...@.@.@@@@..@.......@..@...@.@.....@..@..@.@@@..@.....@.@......
..@@.@.......@.@............@@..@.@....@@@@.......@..@......@@.@.@....@@@@@..@.........@..@...............@..@@.....@..@...@...@.@...@..@.......@@..@.@@@..@.........@..@.......@.@....@...@......@.......@@.@............@@@@.@@....@@........@..@@.@@.@@.@.@.@
@.....@....@.@@.@....@.@.......@.@@@@...@..@.@@.@.@@.@@..@@..@.........@..@@.....@.......@.@...@.@.@..@....@.@....@@@@.@...@.@@@.................@...@@@@.@.......@....@...@@......@....@....@...@..@@.....@....@@.@@...@.@..@@@....@@....@...@..@.........@@@@.
..@..@.@@...@..@..@@......@.@.....@...@@.......@.@@.@..@.@.@.@....@@.@.....@...@.@@.@.@..@@@.@.@@@...@.....@@...@..@..@...@...@.@@..@.@..@...@.....@....@.@@.@@......@@..@.@...@..@.@...@...@..@@....@..@..........@@@@..@..@@@.@@.@@@....@..@.@..@....@..@..@..
@....@..@.....@@.@......@@.@..@@.@...@...@.........@..@.@@.......@@@.......@.....@.@..@.@..@.@@@@.....@.@.....@......@@.@......@...@@@@.@...@@.@.......@...@..@.......@@....@@.@.....@...@.....@.@@.@@..@.....@.@@.@..@.........@@@.@@...@.@@.@@@.........@.....
..@@@.@@..@@@..........@@.@..@...@.............@.@....@@...@.....@@........@....@.@.@.....@@@.......@@..@.....@....@..@..@.@.@...@..@..............@......@........@.@..........@@..@........@.........@@@@...........@....@....@...@.@@......@@.@...@.@.@..@@@@
....@..@..@@..@@@............@..........@@.....@...@.@@@@.......@@@.....@.........@@.......@..@.....@@...@..@@....@..@.@.....@...@.........@@...@@@.@.@..@.@....@.@@....@.............@....@@.....@@@...@@@@.@@...@..@...@........@@........@@....@@....@...@...
@.@@..@..@@...@.....@@.@..@@.....@.@..@...@@.....@..............@.....@...@@@..@@..@@......@@@@.....@.@....@....@@@.......@.@.@..@.@@.....@.@.@......@@..@.......@....@.@@...@.@..@..@...@@..@..@@@@..@..........@@.@@....@@.@.......@@..............@..@...@...
.....@......@@@.........@.@....@@...@@......@@@..@@@.@...........@....@....@...@...@........@....@...@@...@....@.@@@@..@.@@...@..@...@.@..@@.......@.....@.....@..........@..@@.@..@@....@@....@..@.@@@....@.............@@.@@..@........@...@...@.@..@....@...@
..@..@.@..@..@@...@@...@.......@..@.....@..@...........@...@...@.....@@.@..@@.....@@.....@@....@............@..@..@..@.@..@...@......@...@...@...@@...@...@.@@@.@..@.@.....@@..@..@.@.......@..@.@.@.........@.@.@......@..@..@@......@@.@@@@@.@.@..@.@.....@@@.
.....@.@@..........@.........@@@@@..@..@....@..@.@@.....@.@@@.@.@...@..@@.....@....@...@....@..@@@.@.@.......@@....@@@..@@...@@@..........@@...@.@@...............@.......@@....@@@......@...@....@..@@...@@..@.@..@....@@.......@....@@.@....@............@.@@.
@.........@..@...@.@....@@..@@...@...@.@....@.@@@@......@...@.@@@.@.......@..@..@.........@..@..@....@..@..@.@..@..@...@.......@......@@.@.......@..@..@.@....@.@@@..@.......@.@....@@.@@@@..@@..@@.@..@.@..@..@@...@........@..@....@@@@.@...@...@.@...@@......
...@@@...@...@.@@..@...@.@.@.@......@@@..@@.@.....@..@..@.@.....@.@.@...@@..............@.@@.@.@@...@@@...........@.@.....@@.....@...@.@.@.@..@......@....@@......@@......@........@@@...@..@@...@.@............@.@@..@...@@............@................@@@@.@@
....@...@.@....@.@........@.....@.@@@@....@..@@.@.@.........@@...........@..........@@.@.....@...@...@....@@.@.@..@@.@..@...@@...@..@..@..@...@.........@.@.@@@........@.........@.....@.@@.@.@....@...@..@.@....@.....@.@@.....@.....@......@.@....@.@....@..@.
.@..@..@@..@@..@...@@.@.......@.........@...@.@@.....@@....@@..@....@@..@@@@.@....@@.....@...........@....@@.........@....@@.@.......@..@@...@..@......@.@@..@@.....@.....@..@@........@@@..@.@............@..@@.@@.@..@....@@.@.@......@....@@..@.....@@.@.@.@.
..@.....@@@...@..@.@@.@..@@.@..@........@@..@.@....@@@.@@...@.@........@@........@..@..@@.@.....@....@...@.@..@@...@.@@.@......@...@@....@.@.......@@@..@.........@@@...@....@....@@.@@@....@.@@@..@.@....@..@......@@..@....@@....@@....@@.@.@......@@@@.@.@...
....@.....@..@..@.@@.@@@@..@....@..@@...@.....@.......@..@..@@.@...@........@.@@.@@....@.....@......@.@........@.....@.@...@@....@@....@.....@...........@.....@@..@.@@...@.@...@..@.@@.@....@@.@@.@.......@.@..@..@.@@@.....@@.@......@..@.@.....@.............
.@.@............@..@..@.@...@..@@..@.......@.@.@.@...@..........@....@............@.....@@@......@@......@.........@@........@...@@@...@.......@.@@..@.......@..@.@.....@.@..@..@.....@@@..@@@...@.@@...@.@...@....@..@.@....@......@..@.@@@.......@@..@.@....@.
@.@.@........@..@........@@.@...@.....@.@@....@..@@.@..@@.@@@..@........@@..@.@.@@..@....@@...@.......@@@.@@.@@...........@.......@...@@..@@...@@...@......@@.@.........@....@@..@...@@.........@@@....@@....@.@...@.@..@..@@..@..@....@.........@........@@..@.
@.@@....@.@....@@.@@@.@....@..@....@.@@.......@.@.@@...@.@.@.@.@@...@@...@@....@.....@.@@...@...@....@........@....@..@@........@..@@@@@.....@.........@@....@.@.@@..........@..@@...@@.@@...@@....@@...@@@.....@.@..........@@.@@.@..@@.@.@...@@.....@.....@..@
..@...@.....@.@......@.........@@@@.....@..@.@..@..@@@@...@..@..........@.@.@...........@..@....@.@....@@@@@.....@....@..@@@@.@....@@@@......@......@@..@.@.@...@...@...@@@.@@....@.......@.@..@..@...@@.@.......@.@..@@@..@...@..@.@@@...@@@.......@.........@.
@....@.......@......@.@......@@@@@@...@..@.@..@...@.@@..@@.@.................@@.@.@@.@....@.@..@........@@.@@..@..@@@....@@@.@@@...@.@@.......@@......@@.@@.@..@..@@@..@...@.@@.....@@.@..@..@....@..@@...@@.@..@....@@...@..@....@@.@.@@.@.@.@.@..@.@..@.@....@
.....@......@.......@.....@@@@...........@...........@....@..............@..@@..@.@...@...@@...@..@.....@...@.@..@.@..@.@......@@......@.....@........@.@.@@..@..@@@...@@@...@.@....@..@.@@.@...@@.@@....@....@@..@.....@...@..........@...@@..@.@@.....@.....@.
@.@@.@@.........@@.@....................@..@....@@.@........@.......@.....@.@..@@.@@....@..@......@....@..@.....@..........@...@@.....@....@@......@@.......@..@.@@..@.@.@..@..@@..@.@.@.@..@...............@.@.@@..@..@@...@....@@....@...@.@.@......@@@..@..@.
@.....@...@@.@..@...@.@@@.@@@..@.....@..@.@@..@..@...@.....@@....@.@@....@.....@......@.........@.....@..@@...@.@.@@...@...@...@.@.@@..@......@@@......@@...@@.@....@....@..........@.@@..@...@...@@...@...@..@@@.....@@...@@.....@.......@@..@...@........@..@.
....@..@..@@.@......@..@@.@.@........@.....@@....@.........@......@@..@..@....@..@..@@@@.....@................................@..............@..........@...@@.....@..@.......@......@@...@....@........@@..@@.....@@..@..@....@......@.......@.@@..@....@......
@.@......@..@.@@@@...........@.@.@@@@@@@@..@....@@.@@.@.@@@.....@@..@@...@..@@.@.@..@....@....@@@@......@..@@..@.@..@..@.......@.@@.@.@.@........@..@..@.@@.@@........@.@@......@.@..@......@....@@....@@...@...@....@.....@..@....@.@......@.@@@.@@......@...@.
...@...@.@..@..@@..................@......@....@.....@.@.@@...@@.@.......@@@..@....@.....@..@..@@.....@.@....@....@...@.....@..@..@..@...@....@.@.....@....@.....@................@@...@@@..@....@...@@.@@@@@@.@.@..@..@...@..@@...@@@....@....@..@.....@.....@.
@..@.....@...@.@...@@.@.@@....@.@..@@@....@......@...@@@.@.@.@..@.@.........@.....@..@@.@.....@..@...@.......@@.@@...........@@@.....@...@@.@@@@...@..@@@@........@@.....@@..........@..@.........@.@.@@@.@.@...@@..@..@..........@...@.@....@...............@@.
.@..........@.@@..@@...@.@..@..@@....@@...@.@@..@.....@.@...@@.@......@@...@......@......@@...@..@@..@.@@.......@.@@........@@@@.@@@..@..@..@...@.@..@.@.@.@..@@....@..@.@.@..@.@...@@.......@..@........@..@.......@...@..@@@@.@........@...@@...@.@.@@@.@....@
@.....@.@.@@..@@@.@@@.....@.@@.@@..@@@@......@.@..@..@..@@...@.....@...@.@....@......@@@.....@...@.......@..@....@..........@.@@@..............@@.@..@..@.@....@.....@@..@.@@...@@...@.....@..@@.@..@@.@....@@...@@..@....@....@.@.@.@@....@.............@..@.@@
@@@.....@..@.@@.@.@...@.@...@...@.@.....@@.@.@...@@.@.@..@.@.....@@..@@....@....@.@..@....@.........@......@...@@@..................@...@@....@@@....@.@@..........@@.......@@@....@..@@...@@...@@@.@...@......@.@@......@@@@...@@..@@@@....@@.@.@..@...........
@.@@.@.........@...@.@.@@.@..@@.@.....@......@..@...@..@..@....@@..@..........@.....@@.@.....@@.@..@.@@...@.@.@....@..@.@....@...@...@..@..@...@.......@........@@...@@.........@.@.........@..@@......@@.......@@..@....@.@.......@.@@...@.@..@@@@.....@..@..@.
